appendices/aliases.xml: 807c846e04
appendices/configure/index.xml: 807c846e04
appendices/configure/misc.xml: 807c846e04
appendices/configure/php.xml: 807c846e04
appendices/configure/servers.xml: 807c846e04
appendices/debugger.xml: 807c846e04
appendices/reserved.constants.standard.xml: 807c846e04
appendices/resources.xml: 807c846e04
appendices/transports.xml: 807c846e04
appendices/userlandnaming.xml: 807c846e04
bookinfo.xml: 807c846e04
faq/databases.xml: 807c846e04
faq/general.xml: 807c846e04
faq/html.xml: 807c846e04
faq/installation.xml: 807c846e04
faq/mailinglist.xml: 807c846e04
faq/misc.xml: 807c846e04
faq/obtaining.xml: 3cbd39cfa8
faq/using.xml: d4307141e2
features/connection-handling.xml: 807c846e04
features/cookies.xml: 807c846e04
features/persistent-connections.xml: 807c846e04
features/remote-files.xml: 807c846e04
install/ini.xml: 807c846e04
install/intro.xml: 807c846e04
install/macos/index.xml: 807c846e04
install/macos/packages.xml: 807c846e04
install/macos/server.xml: 807c846e04
install/unix/apache1.xml: 807c846e04
install/unix/apache2.xml: 807c846e04
install/unix/index.xml: 807c846e04
language/constants.xml: 807c846e04
language/context.xml: 807c846e04
language/context/curl.xml: 807c846e04
language/context/ftp.xml: 807c846e04
language/context/parameters.xml: 807c846e04
language/context/socket.xml: 807c846e04
language/context/ssl.xml: 807c846e04
language/control-structures.xml: 807c846e04
language/control-structures/alternative-syntax.xml: 807c846e04
language/control-structures/break.xml: 807c846e04
language/control-structures/continue.xml: 807c846e04
language/control-structures/do-while.xml: 807c846e04
language/control-structures/else.xml: 807c846e04
language/control-structures/if.xml: 807c846e04
language/control-structures/require-once.xml: 807c846e04
language/control-structures/require.xml: 807c846e04
language/exceptions.xml: 3f0437f93b
language/expressions.xml: 807c846e04
language/oop5.xml: 3f0437f93b
language/oop5/abstract.xml: 807c846e04
language/oop5/basic.xml: 5acab58ca4
language/oop5/constants.xml: 3f0437f93b
language/oop5/decon.xml: 807c846e04
language/oop5/final.xml: 807c846e04
language/oop5/interfaces.xml: 3f0437f93b
language/oop5/late-static-bindings.xml: 807c846e04
language/oop5/magic.xml: 807c846e04
language/oop5/object-comparison.xml: 3f0437f93b
language/oop5/paamayim-nekudotayim.xml: 3f0437f93b
language/oop5/patterns.xml: 807c846e04
language/oop5/static.xml: 3f0437f93b
language/oop5/typehinting.xml: 807c846e04
language/oop5/visibility.xml: 3f0437f93b
language/predefined/arrayaccess.xml: 807c846e04
language/predefined/arrayaccess/offsetexists.xml: 807c846e04
language/predefined/arrayaccess/offsetget.xml: 807c846e04
language/predefined/arrayaccess/offsetset.xml: 807c846e04
language/predefined/arrayaccess/offsetunset.xml: 807c846e04
language/predefined/errorexception.xml: 807c846e04
language/predefined/errorexception/construct.xml: 807c846e04
language/predefined/errorexception/getseverity.xml: 807c846e04
language/predefined/exception.xml: 807c846e04
language/predefined/exception/clone.xml: 807c846e04
language/predefined/exception/construct.xml: 807c846e04
language/predefined/exception/getcode.xml: 807c846e04
language/predefined/exception/getfile.xml: 807c846e04
language/predefined/exception/getline.xml: 807c846e04
language/predefined/exception/getmessage.xml: 807c846e04
language/predefined/exception/gettrace.xml: 807c846e04
language/predefined/exception/gettraceasstring.xml: 807c846e04
language/predefined/exception/tostring.xml: 807c846e04
language/predefined/exceptions.xml: 807c846e04
language/predefined/interfaces.xml: 807c846e04
language/predefined/iterator.xml: 807c846e04
language/predefined/iterator/current.xml: 807c846e04
language/predefined/iterator/key.xml: 807c846e04
language/predefined/iterator/next.xml: 807c846e04
language/predefined/iterator/rewind.xml: 807c846e04
language/predefined/iterator/valid.xml: 807c846e04
language/predefined/iteratoraggregate.xml: 807c846e04
language/predefined/iteratoraggregate/getiterator.xml: 807c846e04
language/predefined/serializable.xml: 807c846e04
language/predefined/serializable/serialize.xml: 807c846e04
language/predefined/serializable/unserialize.xml: 807c846e04
language/predefined/traversable.xml: 807c846e04
language/predefined/variables.xml: 807c846e04
language/predefined/variables/argc.xml: 807c846e04
language/predefined/variables/argv.xml: 807c846e04
language/predefined/variables/cookie.xml: 807c846e04
language/predefined/variables/env.xml: 807c846e04
language/predefined/variables/files.xml: 807c846e04
language/predefined/variables/get.xml: 807c846e04
language/predefined/variables/globals.xml: 807c846e04
language/predefined/variables/httprawpostdata.xml: 807c846e04
language/predefined/variables/httpresponseheader.xml: 807c846e04
language/predefined/variables/phperrormsg.xml: 807c846e04
language/predefined/variables/post.xml: 807c846e04
language/predefined/variables/request.xml: 807c846e04
language/predefined/variables/server.xml: 3f0437f93b
language/predefined/variables/session.xml: 807c846e04
language/predefined/variables/superglobals.xml: 807c846e04
language/types.xml: 807c846e04
language/types/boolean.xml: 807c846e04
language/types/float.xml: 807c846e04
language/types/integer.xml: 807c846e04
language/types/null.xml: 807c846e04
language/types/resource.xml: 807c846e04
preface.xml: 807c846e04
reference/apache/book.xml: 807c846e04
reference/apache/constants.xml: 807c846e04
reference/apache/functions/apache-child-terminate.xml: 807c846e04
reference/apache/functions/apache-get-modules.xml: 807c846e04
reference/apache/functions/apache-get-version.xml: 807c846e04
reference/apache/functions/apache-getenv.xml: 807c846e04
reference/apache/functions/apache-lookup-uri.xml: 807c846e04
reference/apache/functions/apache-note.xml: 807c846e04
reference/apache/functions/apache-request-headers.xml: 807c846e04
reference/apache/functions/apache-reset-timeout.xml: 807c846e04
reference/apache/functions/apache-response-headers.xml: 807c846e04
reference/apache/functions/apache-setenv.xml: 807c846e04
reference/apache/functions/ascii2ebcdic.xml: 807c846e04
reference/apache/functions/ebcdic2ascii.xml: 807c846e04
reference/apache/functions/getallheaders.xml: 807c846e04
reference/apache/functions/virtual.xml: 807c846e04
reference/apache/ini.xml: 807c846e04
reference/apache/reference.xml: 807c846e04
reference/apache/setup.xml: 807c846e04
reference/apc/constants.xml: 807c846e04
reference/apc/functions/apc-compile-file.xml: 807c846e04
reference/apc/reference.xml: 807c846e04
reference/apc/setup.xml: 807c846e04
reference/array/book.xml: 807c846e04
reference/array/constants.xml: 807c846e04
reference/array/functions/array-change-key-case.xml: 807c846e04
reference/array/functions/array-chunk.xml: 807c846e04
reference/array/functions/array-fill.xml: 807c846e04
reference/array/functions/array-intersect-uassoc.xml: 807c846e04
reference/array/functions/array-intersect-ukey.xml: 807c846e04
reference/array/functions/array-key-exists.xml: 807c846e04
reference/array/functions/array-keys.xml: 807c846e04
reference/array/functions/array-map.xml: 807c846e04
reference/array/functions/array-merge-recursive.xml: 807c846e04
reference/array/functions/array-multisort.xml: 807c846e04
reference/array/functions/array-pop.xml: 807c846e04
reference/array/functions/array-product.xml: 807c846e04
reference/array/functions/array-rand.xml: 807c846e04
reference/array/functions/array-reverse.xml: 807c846e04
reference/array/functions/array-slice.xml: 807c846e04
reference/array/functions/array-splice.xml: 807c846e04
reference/array/functions/array-sum.xml: 807c846e04
reference/array/functions/array-unique.xml: 807c846e04
reference/array/functions/array-walk.xml: 807c846e04
reference/array/functions/arsort.xml: 807c846e04
reference/array/functions/asort.xml: 807c846e04
reference/array/functions/each.xml: 807c846e04
reference/array/functions/end.xml: 30dd3cc2f8
reference/array/functions/extract.xml: 807c846e04
reference/array/functions/in-array.xml: 807c846e04
reference/array/functions/krsort.xml: 807c846e04
reference/array/functions/ksort.xml: 807c846e04
reference/array/functions/pos.xml: 807c846e04
reference/array/functions/reset.xml: 807c846e04
reference/array/functions/rsort.xml: 807c846e04
reference/array/functions/sizeof.xml: 807c846e04
reference/array/functions/sort.xml: 807c846e04
reference/array/functions/uasort.xml: 807c846e04
reference/array/functions/uksort.xml: 807c846e04
reference/array/functions/usort.xml: 807c846e04
reference/array/reference.xml: 807c846e04
reference/array/setup.xml: 807c846e04
reference/bc/book.xml: 807c846e04
reference/bc/configure.xml: 807c846e04
reference/bc/constants.xml: 807c846e04
reference/bc/functions/bcadd.xml: 807c846e04
reference/bc/functions/bccomp.xml: 807c846e04
reference/bc/functions/bcdiv.xml: 807c846e04
reference/bc/functions/bcmod.xml: 807c846e04
reference/bc/functions/bcmul.xml: 807c846e04
reference/bc/functions/bcpow.xml: 807c846e04
reference/bc/functions/bcpowmod.xml: 807c846e04
reference/bc/functions/bcscale.xml: 807c846e04
reference/bc/functions/bcsqrt.xml: 807c846e04
reference/bc/functions/bcsub.xml: 807c846e04
reference/bc/ini.xml: 807c846e04
reference/bc/reference.xml: 807c846e04
reference/bc/setup.xml: 807c846e04
reference/bzip2/book.xml: 807c846e04
reference/bzip2/constants.xml: 807c846e04
reference/bzip2/examples.xml: 807c846e04
reference/bzip2/functions/bzclose.xml: 807c846e04
reference/bzip2/functions/bzcompress.xml: 807c846e04
reference/bzip2/functions/bzdecompress.xml: 807c846e04
reference/bzip2/functions/bzerrno.xml: 807c846e04
reference/bzip2/functions/bzerror.xml: 807c846e04
reference/bzip2/functions/bzerrstr.xml: 807c846e04
reference/bzip2/functions/bzflush.xml: 807c846e04
reference/bzip2/functions/bzopen.xml: ba919ddab0
reference/bzip2/functions/bzread.xml: 807c846e04
reference/bzip2/functions/bzwrite.xml: 807c846e04
reference/bzip2/reference.xml: 807c846e04
reference/bzip2/setup.xml: 807c846e04
reference/calendar/book.xml: 807c846e04
reference/calendar/configure.xml: 807c846e04
reference/calendar/constants.xml: 807c846e04
reference/calendar/functions/cal-days-in-month.xml: 807c846e04
reference/calendar/functions/cal-info.xml: 807c846e04
reference/calendar/functions/easter-date.xml: 807c846e04
reference/calendar/functions/easter-days.xml: 807c846e04
reference/calendar/functions/gregoriantojd.xml: 807c846e04
reference/calendar/functions/jddayofweek.xml: 807c846e04
reference/calendar/functions/jdmonthname.xml: 807c846e04
reference/calendar/functions/jdtofrench.xml: 807c846e04
reference/calendar/functions/jdtogregorian.xml: 807c846e04
reference/calendar/functions/jdtojewish.xml: 807c846e04
reference/calendar/functions/jdtojulian.xml: 807c846e04
reference/calendar/functions/jdtounix.xml: 807c846e04
reference/calendar/functions/jewishtojd.xml: 807c846e04
reference/calendar/functions/juliantojd.xml: 807c846e04
reference/calendar/functions/unixtojd.xml: 807c846e04
reference/calendar/reference.xml: 807c846e04
reference/calendar/setup.xml: 807c846e04
reference/classobj/book.xml: 807c846e04
reference/classobj/constants.xml: 807c846e04
reference/classobj/examples.xml: 807c846e04
reference/classobj/functions/call-user-method.xml: 807c846e04
reference/classobj/functions/class-exists.xml: 807c846e04
reference/classobj/functions/get-class-methods.xml: 807c846e04
reference/classobj/functions/get-class.xml: 807c846e04
reference/classobj/functions/get-declared-classes.xml: 807c846e04
reference/classobj/functions/get-object-vars.xml: 807c846e04
reference/classobj/functions/get-parent-class.xml: 807c846e04
reference/classobj/functions/is-subclass-of.xml: 807c846e04
reference/classobj/functions/method-exists.xml: 807c846e04
reference/classobj/reference.xml: 807c846e04
reference/classobj/setup.xml: 807c846e04
reference/com/functions/class.com.xml: 807c846e04
reference/com/functions/com-addref.xml: 807c846e04
reference/com/functions/com-get.xml: 807c846e04
reference/com/functions/com-invoke.xml: 807c846e04
reference/com/functions/com-isenum.xml: 807c846e04
reference/com/functions/com-load-typelib.xml: 807c846e04
reference/com/functions/com-load.xml: 807c846e04
reference/com/functions/com-propget.xml: 807c846e04
reference/com/functions/com-propput.xml: 807c846e04
reference/com/functions/com-propset.xml: 807c846e04
reference/com/functions/com-release.xml: 807c846e04
reference/com/functions/com-set.xml: 807c846e04
reference/crack/book.xml: 807c846e04
reference/crack/configure.xml: 807c846e04
reference/crack/constants.xml: 807c846e04
reference/crack/functions/crack-check.xml: 807c846e04
reference/crack/functions/crack-closedict.xml: 807c846e04
reference/crack/functions/crack-getlastmessage.xml: 807c846e04
reference/crack/functions/crack-opendict.xml: 807c846e04
reference/crack/ini.xml: 807c846e04
reference/crack/reference.xml: 807c846e04
reference/crack/setup.xml: 807c846e04
reference/ctype/book.xml: 807c846e04
reference/ctype/configure.xml: 807c846e04
reference/ctype/constants.xml: 807c846e04
reference/ctype/functions/ctype-alnum.xml: 807c846e04
reference/ctype/functions/ctype-alpha.xml: 807c846e04
reference/ctype/functions/ctype-cntrl.xml: 807c846e04
reference/ctype/functions/ctype-graph.xml: 807c846e04
reference/ctype/functions/ctype-lower.xml: 807c846e04
reference/ctype/functions/ctype-print.xml: 807c846e04
reference/ctype/functions/ctype-punct.xml: 807c846e04
reference/ctype/functions/ctype-space.xml: 807c846e04
reference/ctype/functions/ctype-upper.xml: 807c846e04
reference/ctype/functions/ctype-xdigit.xml: 807c846e04
reference/ctype/reference.xml: 807c846e04
reference/ctype/setup.xml: 807c846e04
reference/curl/book.xml: 807c846e04
reference/curl/configure.xml: 807c846e04
reference/curl/constants.xml: 807c846e04
reference/curl/examples.xml: 807c846e04
reference/curl/functions/curl-close.xml: 807c846e04
reference/curl/functions/curl-copy-handle.xml: 807c846e04
reference/curl/functions/curl-errno.xml: 807c846e04
reference/curl/functions/curl-error.xml: 807c846e04
reference/curl/functions/curl-exec.xml: 807c846e04
reference/curl/functions/curl-init.xml: 807c846e04
reference/curl/functions/curl-multi-add-handle.xml: 807c846e04
reference/curl/functions/curl-multi-close.xml: 807c846e04
reference/curl/functions/curl-multi-exec.xml: 807c846e04
reference/curl/functions/curl-multi-getcontent.xml: 807c846e04
reference/curl/functions/curl-multi-info-read.xml: 807c846e04
reference/curl/functions/curl-multi-init.xml: cb127e5337
reference/curl/functions/curl-multi-remove-handle.xml: 807c846e04
reference/curl/functions/curl-multi-select.xml: cb127e5337
reference/curl/reference.xml: 807c846e04
reference/curl/setup.xml: 807c846e04
reference/datetime/book.xml: 807c846e04
reference/datetime/constants.xml: 807c846e04
reference/datetime/functions/checkdate.xml: 807c846e04
reference/datetime/functions/date-add.xml: 807c846e04
reference/datetime/functions/date-create-from-format.xml: 807c846e04
reference/datetime/functions/date-date-set.xml: 807c846e04
reference/datetime/functions/date-diff.xml: 807c846e04
reference/datetime/functions/date-format.xml: 807c846e04
reference/datetime/functions/date-get-last-errors.xml: 807c846e04
reference/datetime/functions/date-interval-create-from-date-string.xml: 807c846e04
reference/datetime/functions/date-interval-format.xml: 807c846e04
reference/datetime/functions/date-isodate-set.xml: 807c846e04
reference/datetime/functions/date-modify.xml: 807c846e04
reference/datetime/functions/date-offset-get.xml: 807c846e04
reference/datetime/functions/date-sub.xml: 807c846e04
reference/datetime/functions/date-time-set.xml: 807c846e04
reference/datetime/functions/date-timestamp-get.xml: 807c846e04
reference/datetime/functions/date-timestamp-set.xml: 807c846e04
reference/datetime/functions/date-timezone-get.xml: 807c846e04
reference/datetime/functions/date-timezone-set.xml: 807c846e04
reference/datetime/functions/getdate.xml: 807c846e04
reference/datetime/functions/gettimeofday.xml: 807c846e04
reference/datetime/functions/gmdate.xml: 807c846e04
reference/datetime/functions/gmmktime.xml: 807c846e04
reference/datetime/functions/gmstrftime.xml: 807c846e04
reference/datetime/functions/localtime.xml: 807c846e04
reference/datetime/functions/microtime.xml: 807c846e04
reference/datetime/functions/mktime.xml: d764aedcc8
reference/datetime/functions/strtotime.xml: d764aedcc8
reference/datetime/functions/time.xml: 807c846e04
reference/datetime/functions/timezone-abbreviations-list.xml: 807c846e04
reference/datetime/functions/timezone-identifiers-list.xml: 807c846e04
reference/datetime/functions/timezone-location-get.xml: 807c846e04
reference/datetime/functions/timezone-name-from-abbr.xml: 807c846e04
reference/datetime/functions/timezone-name-get.xml: 807c846e04
reference/datetime/functions/timezone-offset-get.xml: 807c846e04
reference/datetime/functions/timezone-open.xml: 807c846e04
reference/datetime/functions/timezone-transitions-get.xml: 807c846e04
reference/datetime/ini.xml: 807c846e04
reference/datetime/reference.xml: 807c846e04
reference/datetime/setup.xml: 807c846e04
reference/dba/book.xml: 807c846e04
reference/dba/configure.xml: 807c846e04
reference/dba/constants.xml: 807c846e04
reference/dba/examples.xml: 807c846e04
reference/dba/functions/dba-close.xml: 807c846e04
reference/dba/functions/dba-delete.xml: 807c846e04
reference/dba/functions/dba-exists.xml: 807c846e04
reference/dba/functions/dba-fetch.xml: 807c846e04
reference/dba/functions/dba-firstkey.xml: 807c846e04
reference/dba/functions/dba-handlers.xml: 807c846e04
reference/dba/functions/dba-insert.xml: 807c846e04
reference/dba/functions/dba-key-split.xml: 807c846e04
reference/dba/functions/dba-list.xml: 807c846e04
reference/dba/functions/dba-nextkey.xml: 807c846e04
reference/dba/functions/dba-open.xml: 807c846e04
reference/dba/functions/dba-optimize.xml: 807c846e04
reference/dba/functions/dba-popen.xml: 807c846e04
reference/dba/functions/dba-replace.xml: 807c846e04
reference/dba/functions/dba-sync.xml: 807c846e04
reference/dba/reference.xml: 807c846e04
reference/dba/setup.xml: 807c846e04
reference/dbase/book.xml: 807c846e04
reference/dbase/configure.xml: 807c846e04
reference/dbase/constants.xml: 807c846e04
reference/dbase/functions/dbase-add-record.xml: 807c846e04
reference/dbase/functions/dbase-close.xml: 807c846e04
reference/dbase/functions/dbase-create.xml: 807c846e04
reference/dbase/functions/dbase-delete-record.xml: 807c846e04
reference/dbase/functions/dbase-get-header-info.xml: 807c846e04
reference/dbase/functions/dbase-get-record-with-names.xml: 807c846e04
reference/dbase/functions/dbase-get-record.xml: 807c846e04
reference/dbase/functions/dbase-numfields.xml: 807c846e04
reference/dbase/functions/dbase-numrecords.xml: 807c846e04
reference/dbase/functions/dbase-open.xml: 807c846e04
reference/dbase/functions/dbase-pack.xml: 807c846e04
reference/dbase/functions/dbase-replace-record.xml: 807c846e04
reference/dbase/reference.xml: 807c846e04
reference/dbase/setup.xml: 807c846e04
reference/dbx/book.xml: 807c846e04
reference/dbx/configure.xml: 807c846e04
reference/dbx/constants.xml: 807c846e04
reference/dbx/functions/dbx-close.xml: 807c846e04
reference/dbx/functions/dbx-compare.xml: 807c846e04
reference/dbx/functions/dbx-connect.xml: 807c846e04
reference/dbx/functions/dbx-error.xml: 807c846e04
reference/dbx/functions/dbx-escape-string.xml: 807c846e04
reference/dbx/functions/dbx-fetch-row.xml: 807c846e04
reference/dbx/functions/dbx-sort.xml: 807c846e04
reference/dbx/ini.xml: 807c846e04
reference/dbx/reference.xml: 807c846e04
reference/dbx/setup.xml: 807c846e04
reference/dio/book.xml: 807c846e04
reference/dio/configure.xml: 807c846e04
reference/dio/constants.xml: 807c846e04
reference/dio/functions/dio-close.xml: 807c846e04
reference/dio/functions/dio-fcntl.xml: 807c846e04
reference/dio/functions/dio-open.xml: 807c846e04
reference/dio/functions/dio-read.xml: 807c846e04
reference/dio/functions/dio-stat.xml: 807c846e04
reference/dio/functions/dio-truncate.xml: 807c846e04
reference/dio/functions/dio-write.xml: 807c846e04
reference/dio/reference.xml: 807c846e04
reference/dio/setup.xml: 807c846e04
reference/dir/book.xml: 807c846e04
reference/dir/constants.xml: 807c846e04
reference/dir/functions/chdir.xml: 807c846e04
reference/dir/functions/chroot.xml: 807c846e04
reference/dir/functions/class.dir.xml: 807c846e04
reference/dir/functions/closedir.xml: 807c846e04
reference/dir/functions/getcwd.xml: 807c846e04
reference/dir/functions/opendir.xml: 807c846e04
reference/dir/functions/readdir.xml: 807c846e04
reference/dir/functions/rewinddir.xml: 807c846e04
reference/dir/functions/scandir.xml: 807c846e04
reference/dir/reference.xml: 807c846e04
reference/dir/setup.xml: 807c846e04
reference/domxml/configure.xml: 807c846e04
reference/domxml/constants.xml: 807c846e04
reference/domxml/functions/DomAttribute-name.xml: 807c846e04
reference/domxml/functions/DomAttribute-specified.xml: 807c846e04
reference/domxml/functions/DomAttribute-value.xml: 807c846e04
reference/domxml/functions/DomDocument-add-root.xml: 807c846e04
reference/domxml/functions/DomDocument-create-attribute.xml: 807c846e04
reference/domxml/functions/DomDocument-create-cdata-section.xml: 807c846e04
reference/domxml/functions/DomDocument-create-comment.xml: 807c846e04
reference/domxml/functions/DomDocument-create-entity-reference.xml: 807c846e04
reference/domxml/functions/DomDocument-create-processing-instruction.xml: 807c846e04
reference/domxml/functions/DomDocument-create-text-node.xml: 807c846e04
reference/domxml/functions/DomDocument-doctype.xml: 807c846e04
reference/domxml/functions/DomDocument-document-element.xml: 807c846e04
reference/domxml/functions/DomDocument-dump-file.xml: 807c846e04
reference/domxml/functions/DomDocument-dump-mem.xml: 807c846e04
reference/domxml/functions/DomDocument-get-element-by-id.xml: 807c846e04
reference/domxml/functions/DomDocument-get-elements-by-tagname.xml: 807c846e04
reference/domxml/functions/DomDocument-html-dump-mem.xml: 807c846e04
reference/domxml/setup.xml: 807c846e04
reference/dotnet/book.xml: 807c846e04
reference/dotnet/constants.xml: 807c846e04
reference/dotnet/functions/dotnet-load.xml: 807c846e04
reference/dotnet/reference.xml: 807c846e04
reference/dotnet/setup.xml: 807c846e04
reference/errorfunc/book.xml: 807c846e04
reference/errorfunc/constants.xml: 807c846e04
reference/errorfunc/functions/debug-backtrace.xml: 807c846e04
reference/errorfunc/functions/debug-print-backtrace.xml: 807c846e04
reference/errorfunc/functions/error-get-last.xml: 807c846e04
reference/errorfunc/functions/error-log.xml: 807c846e04
reference/errorfunc/functions/restore-error-handler.xml: 807c846e04
reference/errorfunc/functions/restore-exception-handler.xml: 807c846e04
reference/errorfunc/functions/set-error-handler.xml: 807c846e04
reference/errorfunc/functions/set-exception-handler.xml: efd075c878
reference/errorfunc/functions/trigger-error.xml: 807c846e04
reference/errorfunc/functions/user-error.xml: 807c846e04
reference/errorfunc/reference.xml: 807c846e04
reference/errorfunc/setup.xml: 807c846e04
reference/exec/book.xml: 807c846e04
reference/exec/constants.xml: 807c846e04
reference/exec/functions/passthru.xml: 807c846e04
reference/exec/functions/proc-close.xml: 807c846e04
reference/exec/functions/proc-get-status.xml: 807c846e04
reference/exec/functions/proc-nice.xml: 807c846e04
reference/exec/functions/proc-open.xml: 807c846e04
reference/exec/functions/proc-terminate.xml: 807c846e04
reference/exec/functions/shell-exec.xml: 807c846e04
reference/exec/functions/system.xml: 807c846e04
reference/exec/reference.xml: 807c846e04
reference/exec/setup.xml: 807c846e04
reference/exif/book.xml: 807c846e04
reference/exif/configure.xml: 807c846e04
reference/exif/constants.xml: 807c846e04
reference/exif/functions/exif-imagetype.xml: 807c846e04
reference/exif/functions/exif-thumbnail.xml: 807c846e04
reference/exif/functions/read-exif-data.xml: 807c846e04
reference/exif/reference.xml: 807c846e04
reference/exif/setup.xml: 807c846e04
reference/fbsql/configure.xml: 807c846e04
reference/fbsql/constants.xml: 807c846e04
reference/fbsql/ini.xml: 807c846e04
reference/fbsql/reference.xml: 807c846e04
reference/fbsql/setup.xml: 807c846e04
reference/fdf/book.xml: 807c846e04
reference/fdf/configure.xml: 807c846e04
reference/fdf/constants.xml: 807c846e04
reference/fdf/examples.xml: 807c846e04
reference/fdf/functions/fdf-enum-values.xml: 807c846e04
reference/fdf/functions/fdf-errno.xml: 807c846e04
reference/fdf/functions/fdf-error.xml: 807c846e04
reference/fdf/functions/fdf-get-encoding.xml: 807c846e04
reference/fdf/functions/fdf-get-flags.xml: 807c846e04
reference/fdf/functions/fdf-get-opt.xml: 807c846e04
reference/fdf/functions/fdf-get-version.xml: 807c846e04
reference/fdf/functions/fdf-header.xml: 807c846e04
reference/fdf/reference.xml: 807c846e04
reference/fdf/setup.xml: 807c846e04
reference/filepro/book.xml: 807c846e04
reference/filepro/configure.xml: 807c846e04
reference/filepro/constants.xml: 807c846e04
reference/filepro/functions/filepro-fieldcount.xml: 807c846e04
reference/filepro/functions/filepro-fieldname.xml: 807c846e04
reference/filepro/functions/filepro-fieldtype.xml: 807c846e04
reference/filepro/functions/filepro-fieldwidth.xml: 807c846e04
reference/filepro/functions/filepro-retrieve.xml: 807c846e04
reference/filepro/functions/filepro-rowcount.xml: 807c846e04
reference/filepro/functions/filepro.xml: 807c846e04
reference/filepro/reference.xml: 807c846e04
reference/filepro/setup.xml: 807c846e04
reference/filesystem/book.xml: 807c846e04
reference/filesystem/constants.xml: 807c846e04
reference/filesystem/functions/chown.xml: 807c846e04
reference/filesystem/functions/delete.xml: 55a33aa906
reference/filesystem/functions/fclose.xml: 807c846e04
reference/filesystem/functions/fflush.xml: 807c846e04
reference/filesystem/functions/fgetss.xml: 55a33aa906
reference/filesystem/functions/filegroup.xml: 807c846e04
reference/filesystem/functions/glob.xml: 807c846e04
reference/filesystem/ini.xml: 807c846e04
reference/filesystem/reference.xml: 807c846e04
reference/filesystem/setup.xml: 807c846e04
reference/filter/constants.xml: 807c846e04
reference/filter/functions/filter-has-var.xml: 807c846e04
reference/filter/functions/filter-id.xml: 807c846e04
reference/filter/functions/filter-list.xml: 807c846e04
reference/filter/reference.xml: 807c846e04
reference/filter/setup.xml: 807c846e04
reference/fribidi/book.xml: 807c846e04
reference/fribidi/configure.xml: 807c846e04
reference/fribidi/constants.xml: 807c846e04
reference/fribidi/functions/fribidi-log2vis.xml: 807c846e04
reference/fribidi/reference.xml: 807c846e04
reference/fribidi/setup.xml: 807c846e04
reference/ftp/book.xml: 807c846e04
reference/ftp/configure.xml: 807c846e04
reference/ftp/constants.xml: 807c846e04
reference/ftp/examples.xml: 807c846e04
reference/ftp/functions/ftp-alloc.xml: 807c846e04
reference/ftp/functions/ftp-cdup.xml: 807c846e04
reference/ftp/functions/ftp-chdir.xml: 807c846e04
reference/ftp/functions/ftp-chmod.xml: 807c846e04
reference/ftp/functions/ftp-close.xml: 807c846e04
reference/ftp/functions/ftp-connect.xml: 807c846e04
reference/ftp/functions/ftp-delete.xml: 807c846e04
reference/ftp/functions/ftp-exec.xml: 807c846e04
reference/ftp/functions/ftp-fget.xml: 807c846e04
reference/ftp/functions/ftp-fput.xml: 807c846e04
reference/ftp/functions/ftp-get-option.xml: 807c846e04
reference/ftp/functions/ftp-get.xml: 807c846e04
reference/ftp/functions/ftp-login.xml: 807c846e04
reference/ftp/functions/ftp-mdtm.xml: 807c846e04
reference/ftp/functions/ftp-mkdir.xml: 807c846e04
reference/ftp/functions/ftp-nb-continue.xml: 807c846e04
reference/ftp/functions/ftp-nb-fget.xml: 807c846e04
reference/ftp/functions/ftp-nb-fput.xml: 807c846e04
reference/ftp/functions/ftp-nb-get.xml: 807c846e04
reference/ftp/functions/ftp-nb-put.xml: 807c846e04
reference/ftp/functions/ftp-nlist.xml: 807c846e04
reference/ftp/functions/ftp-pasv.xml: 807c846e04
reference/ftp/functions/ftp-put.xml: 807c846e04
reference/ftp/functions/ftp-pwd.xml: 807c846e04
reference/ftp/functions/ftp-quit.xml: 807c846e04
reference/ftp/functions/ftp-raw.xml: 807c846e04
reference/ftp/functions/ftp-rawlist.xml: 807c846e04
reference/ftp/functions/ftp-rename.xml: 807c846e04
reference/ftp/functions/ftp-rmdir.xml: 807c846e04
reference/ftp/functions/ftp-set-option.xml: 807c846e04
reference/ftp/functions/ftp-site.xml: 807c846e04
reference/ftp/functions/ftp-size.xml: 807c846e04
reference/ftp/functions/ftp-ssl-connect.xml: 807c846e04
reference/ftp/functions/ftp-systype.xml: 807c846e04
reference/ftp/reference.xml: 807c846e04
reference/ftp/setup.xml: 807c846e04
reference/funchand/book.xml: 807c846e04
reference/funchand/constants.xml: 807c846e04
reference/funchand/functions/func-get-arg.xml: da369aa896
reference/funchand/functions/function-exists.xml: 807c846e04
reference/funchand/functions/get-defined-functions.xml: 807c846e04
reference/funchand/reference.xml: 807c846e04
reference/funchand/setup.xml: 807c846e04
reference/gettext/book.xml: 807c846e04
reference/gettext/configure.xml: 807c846e04
reference/gettext/constants.xml: 807c846e04
reference/gettext/functions/bind-textdomain-codeset.xml: 807c846e04
reference/gettext/functions/bindtextdomain.xml: 807c846e04
reference/gettext/functions/dcgettext.xml: 807c846e04
reference/gettext/functions/dcngettext.xml: 807c846e04
reference/gettext/functions/dgettext.xml: 807c846e04
reference/gettext/functions/dngettext.xml: 807c846e04
reference/gettext/functions/gettext.xml: 807c846e04
reference/gettext/functions/ngettext.xml: 807c846e04
reference/gettext/functions/textdomain.xml: 807c846e04
reference/gettext/reference.xml: 807c846e04
reference/gettext/setup.xml: 807c846e04
reference/gmp/book.xml: 807c846e04
reference/gmp/configure.xml: 807c846e04
reference/gmp/constants.xml: 807c846e04
reference/gmp/examples.xml: 807c846e04
reference/gmp/reference.xml: 807c846e04
reference/gmp/setup.xml: 807c846e04
reference/iconv/functions/iconv-get-encoding.xml: 725f67f7b8
reference/iconv/functions/iconv-set-encoding.xml: 807c846e04
reference/iconv/functions/iconv.xml: 807c846e04
reference/iconv/functions/ob-iconv-handler.xml: 807c846e04
reference/id3/book.xml: 807c846e04
reference/id3/constants.xml: 807c846e04
reference/id3/reference.xml: 807c846e04
reference/id3/setup.xml: 807c846e04
reference/ifx/book.xml: 807c846e04
reference/ifx/configure.xml: 807c846e04
reference/ifx/reference.xml: 807c846e04
reference/ifx/setup.xml: 807c846e04
reference/imap/book.xml: 807c846e04
reference/imap/functions/imap-8bit.xml: 807c846e04
reference/imap/functions/imap-append.xml: 807c846e04
reference/imap/functions/imap-base64.xml: 807c846e04
reference/imap/functions/imap-binary.xml: 807c846e04
reference/imap/functions/imap-body.xml: 807c846e04
reference/imap/functions/imap-bodystruct.xml: 807c846e04
reference/imap/functions/imap-clearflag-full.xml: 807c846e04
reference/imap/functions/imap-close.xml: 807c846e04
reference/imap/functions/imap-createmailbox.xml: 807c846e04
reference/imap/functions/imap-delete.xml: 807c846e04
reference/imap/functions/imap-deletemailbox.xml: 807c846e04
reference/imap/functions/imap-expunge.xml: 807c846e04
reference/imap/functions/imap-fetchbody.xml: 807c846e04
reference/imap/functions/imap-get-quota.xml: 807c846e04
reference/imap/functions/imap-get-quotaroot.xml: 807c846e04
reference/imap/functions/imap-getacl.xml: 807c846e04
reference/imap/functions/imap-header.xml: 807c846e04
reference/imap/functions/imap-headerinfo.xml: 807c846e04
reference/imap/functions/imap-headers.xml: 807c846e04
reference/imap/functions/imap-listmailbox.xml: 807c846e04
reference/imap/functions/imap-listsubscribed.xml: 807c846e04
reference/imap/functions/imap-mail-compose.xml: 807c846e04
reference/imap/functions/imap-mail-copy.xml: 807c846e04
reference/imap/functions/imap-mail-move.xml: 807c846e04
reference/imap/functions/imap-mail.xml: 807c846e04
reference/imap/functions/imap-mailboxmsginfo.xml: 807c846e04
reference/imap/functions/imap-msgno.xml: 807c846e04
reference/imap/functions/imap-num-msg.xml: 807c846e04
reference/imap/functions/imap-num-recent.xml: 807c846e04
reference/imap/functions/imap-ping.xml: 807c846e04
reference/imap/functions/imap-qprint.xml: 807c846e04
reference/imap/functions/imap-renamemailbox.xml: 807c846e04
reference/imap/functions/imap-rfc822-parse-adrlist.xml: 807c846e04
reference/imap/functions/imap-rfc822-parse-headers.xml: 807c846e04
reference/imap/functions/imap-rfc822-write-address.xml: 807c846e04
reference/imap/functions/imap-savebody.xml: 807c846e04
reference/imap/functions/imap-scanmailbox.xml: 807c846e04
reference/imap/functions/imap-set-quota.xml: 807c846e04
reference/imap/functions/imap-setacl.xml: 807c846e04
reference/imap/functions/imap-setflag-full.xml: 807c846e04
reference/imap/functions/imap-sort.xml: 807c846e04
reference/imap/functions/imap-subscribe.xml: 807c846e04
reference/imap/functions/imap-thread.xml: 807c846e04
reference/imap/functions/imap-timeout.xml: 807c846e04
reference/imap/functions/imap-uid.xml: 807c846e04
reference/imap/functions/imap-undelete.xml: 807c846e04
reference/imap/functions/imap-unsubscribe.xml: 807c846e04
reference/imap/functions/imap-utf7-decode.xml: 807c846e04
reference/imap/functions/imap-utf7-encode.xml: 807c846e04
reference/imap/functions/imap-utf8.xml: 807c846e04
reference/imap/setup.xml: 807c846e04
reference/info/book.xml: 807c846e04
reference/info/functions/extension-loaded.xml: 807c846e04
reference/info/functions/get-cfg-var.xml: 807c846e04
reference/info/functions/get-current-user.xml: 807c846e04
reference/info/functions/get-extension-funcs.xml: 807c846e04
reference/info/functions/get-included-files.xml: 807c846e04
reference/info/functions/get-loaded-extensions.xml: 807c846e04
reference/info/functions/get-required-files.xml: 807c846e04
reference/info/functions/getenv.xml: 807c846e04
reference/info/functions/getlastmod.xml: 807c846e04
reference/info/functions/getmypid.xml: 807c846e04
reference/info/functions/getmyuid.xml: 807c846e04
reference/info/functions/php-logo-guid.xml: 807c846e04
reference/info/functions/php-sapi-name.xml: 807c846e04
reference/info/functions/phpinfo.xml: 807c846e04
reference/info/functions/zend-logo-guid.xml: 807c846e04
reference/info/functions/zend-thread-id.xml: 807c846e04
reference/info/functions/zend-version.xml: 807c846e04
reference/info/ini.xml: 5a653d1b43
reference/info/reference.xml: 807c846e04
reference/info/setup.xml: 807c846e04
reference/ingres-ii/book.xml: 807c846e04
reference/ingres-ii/constants.xml: 807c846e04
reference/ingres-ii/examples.xml: 807c846e04
reference/ingres-ii/functions/ingres-autocommit-state.xml: 807c846e04
reference/ingres-ii/functions/ingres-autocommit.xml: 807c846e04
reference/ingres-ii/functions/ingres-charset.xml: 807c846e04
reference/ingres-ii/functions/ingres-close.xml: 807c846e04
reference/ingres-ii/functions/ingres-commit.xml: 807c846e04
reference/ingres-ii/functions/ingres-cursor.xml: 5a653d1b43
reference/ingres-ii/functions/ingres-errno.xml: 807c846e04
reference/ingres-ii/functions/ingres-errsqlstate.xml: 807c846e04
reference/ingres-ii/functions/ingres-field-name.xml: 5a653d1b43
reference/ingres-ii/functions/ingres-field-nullable.xml: 5a653d1b43
reference/ingres-ii/functions/ingres-free-result.xml: 807c846e04
reference/ingres-ii/functions/ingres-next-error.xml: 807c846e04
reference/ingres-ii/functions/ingres-num-fields.xml: 807c846e04
reference/ingres-ii/functions/ingres-num-rows.xml: 807c846e04
reference/ingres-ii/functions/ingres-pconnect.xml: 807c846e04
reference/ingres-ii/functions/ingres-result-seek.xml: 807c846e04
reference/ingres-ii/functions/ingres-rollback.xml: 807c846e04
reference/ingres-ii/functions/ingres-set-environment.xml: 5a653d1b43
reference/ingres-ii/functions/ingres-unbuffered-query.xml: 5a653d1b43
reference/ingres-ii/reference.xml: 807c846e04
reference/ingres-ii/setup.xml: 807c846e04
reference/java/book.xml: 807c846e04
reference/java/configure.xml: 807c846e04
reference/java/constants.xml: 807c846e04
reference/java/examples.xml: 807c846e04
reference/java/functions/java-last-exception-clear.xml: 807c846e04
reference/java/functions/java-last-exception-get.xml: 807c846e04
reference/java/ini.xml: 807c846e04
reference/java/reference.xml: 807c846e04
reference/java/setup.xml: 807c846e04
reference/json/book.xml: 807c846e04
reference/json/constants.xml: 807c846e04
reference/json/functions/json-decode.xml: 4cd3fef7cb
reference/json/functions/json-encode.xml: 807c846e04
reference/json/functions/json-last-error.xml: 807c846e04
reference/json/reference.xml: 807c846e04
reference/json/setup.xml: 807c846e04
reference/ldap/book.xml: 807c846e04
reference/ldap/configure.xml: 807c846e04
reference/ldap/constants.xml: 807c846e04
reference/ldap/examples.xml: 807c846e04
reference/ldap/reference.xml: 807c846e04
reference/ldap/setup.xml: 807c846e04
reference/ldap/using.xml: 807c846e04
reference/mail/book.xml: 807c846e04
reference/mail/constants.xml: 807c846e04
reference/mail/functions/ezmlm-hash.xml: 807c846e04
reference/mail/ini.xml: 807c846e04
reference/mail/reference.xml: 807c846e04
reference/mail/setup.xml: 807c846e04
reference/math/book.xml: 807c846e04
reference/math/constants.xml: 807c846e04
reference/math/functions/abs.xml: 807c846e04
reference/math/functions/acos.xml: 807c846e04
reference/math/functions/acosh.xml: 807c846e04
reference/math/functions/asin.xml: 807c846e04
reference/math/functions/asinh.xml: 807c846e04
reference/math/functions/atan.xml: 807c846e04
reference/math/functions/atan2.xml: 807c846e04
reference/math/functions/atanh.xml: 807c846e04
reference/math/functions/base-convert.xml: 807c846e04
reference/math/functions/ceil.xml: 807c846e04
reference/math/functions/cos.xml: 807c846e04
reference/math/functions/cosh.xml: 807c846e04
reference/math/functions/dechex.xml: 807c846e04
reference/math/functions/decoct.xml: 807c846e04
reference/math/functions/deg2rad.xml: 807c846e04
reference/math/functions/expm1.xml: 807c846e04
reference/math/functions/floor.xml: 807c846e04
reference/math/functions/fmod.xml: 807c846e04
reference/math/functions/getrandmax.xml: 807c846e04
reference/math/functions/hexdec.xml: 896aa04007
reference/math/functions/hypot.xml: 807c846e04
reference/math/functions/is-finite.xml: 807c846e04
reference/math/functions/is-infinite.xml: 807c846e04
reference/math/functions/is-nan.xml: 807c846e04
reference/math/functions/lcg-value.xml: 807c846e04
reference/math/functions/log.xml: 807c846e04
reference/math/functions/log10.xml: 807c846e04
reference/math/functions/max.xml: 807c846e04
reference/math/functions/min.xml: 807c846e04
reference/math/functions/mt-getrandmax.xml: 807c846e04
reference/math/functions/mt-rand.xml: 807c846e04
reference/math/functions/mt-srand.xml: 807c846e04
reference/math/functions/octdec.xml: 807c846e04
reference/math/functions/pi.xml: 807c846e04
reference/math/functions/pow.xml: 807c846e04
reference/math/functions/rad2deg.xml: 807c846e04
reference/math/functions/round.xml: 807c846e04
reference/math/functions/sin.xml: 807c846e04
reference/math/functions/sinh.xml: 807c846e04
reference/math/functions/sqrt.xml: 807c846e04
reference/math/functions/srand.xml: 807c846e04
reference/math/functions/tan.xml: 807c846e04
reference/math/functions/tanh.xml: 807c846e04
reference/math/reference.xml: 807c846e04
reference/math/setup.xml: 807c846e04
reference/mhash/functions/mhash-count.xml: 807c846e04
reference/misc/book.xml: 807c846e04
reference/misc/constants.xml: 807c846e04
reference/misc/functions/connection-aborted.xml: 807c846e04
reference/misc/functions/connection-status.xml: 807c846e04
reference/misc/functions/connection-timeout.xml: 807c846e04
reference/misc/functions/constant.xml: 807c846e04
reference/misc/functions/define.xml: 807c846e04
reference/misc/functions/defined.xml: 807c846e04
reference/misc/functions/die.xml: 807c846e04
reference/misc/functions/eval.xml: 807c846e04
reference/misc/functions/exit.xml: 807c846e04
reference/misc/functions/get-browser.xml: 807c846e04
reference/misc/functions/halt-compiler.xml: 807c846e04
reference/misc/functions/highlight-file.xml: 807c846e04
reference/misc/functions/highlight-string.xml: 807c846e04
reference/misc/functions/ignore-user-abort.xml: 807c846e04
reference/misc/functions/pack.xml: 8bf03fc6ad
reference/misc/functions/show-source.xml: 807c846e04
reference/misc/functions/sleep.xml: 807c846e04
reference/misc/functions/sys-getloadavg.xml: 807c846e04
reference/misc/functions/time-sleep-until.xml: 807c846e04
reference/misc/functions/uniqid.xml: 807c846e04
reference/misc/functions/unpack.xml: 807c846e04
reference/misc/functions/usleep.xml: 807c846e04
reference/misc/ini.xml: 807c846e04
reference/misc/reference.xml: 807c846e04
reference/misc/setup.xml: 807c846e04
reference/mnogosearch/book.xml: 807c846e04
reference/mnogosearch/constants.xml: 807c846e04
reference/mnogosearch/functions/udm-check-charset.xml: 807c846e04
reference/mnogosearch/functions/udm-check-stored.xml: 807c846e04
reference/mnogosearch/functions/udm-close-stored.xml: 807c846e04
reference/mnogosearch/functions/udm-crc32.xml: 807c846e04
reference/mnogosearch/functions/udm-free-agent.xml: 807c846e04
reference/mnogosearch/functions/udm-free-ispell-data.xml: 807c846e04
reference/mnogosearch/functions/udm-free-res.xml: 807c846e04
reference/mnogosearch/functions/udm-get-doc-count.xml: 807c846e04
reference/mnogosearch/functions/udm-open-stored.xml: 807c846e04
reference/mnogosearch/reference.xml: 807c846e04
reference/mnogosearch/setup.xml: 807c846e04
reference/msession/book.xml: 807c846e04
reference/msession/configure.xml: 807c846e04
reference/msession/constants.xml: 807c846e04
reference/msession/functions/msession-connect.xml: 807c846e04
reference/msession/functions/msession-count.xml: 807c846e04
reference/msession/functions/msession-create.xml: 807c846e04
reference/msession/functions/msession-destroy.xml: 807c846e04
reference/msession/functions/msession-disconnect.xml: 807c846e04
reference/msession/functions/msession-find.xml: 807c846e04
reference/msession/functions/msession-get-array.xml: 807c846e04
reference/msession/functions/msession-get.xml: 807c846e04
reference/msession/functions/msession-inc.xml: 807c846e04
reference/msession/functions/msession-list.xml: 807c846e04
reference/msession/functions/msession-listvar.xml: 807c846e04
reference/msession/functions/msession-lock.xml: 807c846e04
reference/msession/functions/msession-plugin.xml: 807c846e04
reference/msession/functions/msession-randstr.xml: 807c846e04
reference/msession/functions/msession-set-array.xml: 807c846e04
reference/msession/functions/msession-set.xml: 807c846e04
reference/msession/functions/msession-timeout.xml: 807c846e04
reference/msession/functions/msession-uniq.xml: 807c846e04
reference/msession/functions/msession-unlock.xml: 807c846e04
reference/msession/reference.xml: 807c846e04
reference/msession/setup.xml: 807c846e04
reference/msql/book.xml: 807c846e04
reference/msql/configure.xml: 807c846e04
reference/msql/constants.xml: 807c846e04
reference/msql/examples.xml: 807c846e04
reference/msql/functions/msql-affected-rows.xml: 807c846e04
reference/msql/functions/msql-close.xml: 807c846e04
reference/msql/functions/msql-connect.xml: 807c846e04
reference/msql/functions/msql-create-db.xml: 807c846e04
reference/msql/functions/msql-createdb.xml: 807c846e04
reference/msql/functions/msql-data-seek.xml: 807c846e04
reference/msql/functions/msql-db-query.xml: 807c846e04
reference/msql/functions/msql-dbname.xml: 807c846e04
reference/msql/functions/msql-drop-db.xml: 807c846e04
reference/msql/functions/msql-error.xml: 807c846e04
reference/msql/functions/msql-fetch-array.xml: 807c846e04
reference/msql/functions/msql-fetch-field.xml: 807c846e04
reference/msql/functions/msql-fetch-object.xml: 807c846e04
reference/msql/functions/msql-fetch-row.xml: 807c846e04
reference/msql/functions/msql-field-flags.xml: 807c846e04
reference/msql/functions/msql-field-len.xml: 807c846e04
reference/msql/functions/msql-field-name.xml: 807c846e04
reference/msql/functions/msql-field-seek.xml: 807c846e04
reference/msql/functions/msql-field-table.xml: 807c846e04
reference/msql/functions/msql-field-type.xml: 807c846e04
reference/msql/functions/msql-fieldflags.xml: 807c846e04
reference/msql/functions/msql-fieldlen.xml: 807c846e04
reference/msql/functions/msql-fieldname.xml: 807c846e04
reference/msql/functions/msql-fieldtable.xml: 807c846e04
reference/msql/functions/msql-fieldtype.xml: 807c846e04
reference/msql/functions/msql-free-result.xml: 807c846e04
reference/msql/functions/msql-list-dbs.xml: 807c846e04
reference/msql/functions/msql-list-fields.xml: 807c846e04
reference/msql/functions/msql-list-tables.xml: 807c846e04
reference/msql/functions/msql-num-fields.xml: 807c846e04
reference/msql/functions/msql-num-rows.xml: 807c846e04
reference/msql/functions/msql-numfields.xml: 807c846e04
reference/msql/functions/msql-numrows.xml: 807c846e04
reference/msql/functions/msql-pconnect.xml: 807c846e04
reference/msql/functions/msql-query.xml: 807c846e04
reference/msql/functions/msql-regcase.xml: 807c846e04
reference/msql/functions/msql-result.xml: 807c846e04
reference/msql/functions/msql-select-db.xml: 807c846e04
reference/msql/functions/msql-tablename.xml: 807c846e04
reference/msql/functions/msql.xml: 807c846e04
reference/msql/ini.xml: 807c846e04
reference/msql/reference.xml: 807c846e04
reference/msql/setup.xml: 807c846e04
reference/mssql/book.xml: 807c846e04
reference/mssql/configure.xml: 807c846e04
reference/mssql/constants.xml: 807c846e04
reference/mssql/ini.xml: 807c846e04
reference/mssql/reference.xml: 807c846e04
reference/mssql/setup.xml: 807c846e04
reference/mysql/book.xml: 807c846e04
reference/mysql/examples.xml: 807c846e04
reference/mysql/functions/mysql-change-user.xml: 807c846e04
reference/mysql/functions/mysql-fetch-field.xml: 807c846e04
reference/mysql/functions/mysql-ping.xml: 807c846e04
reference/mysql/functions/mysql-real-escape-string.xml: 807c846e04
reference/mysql/functions/mysql-select-db.xml: 807c846e04
reference/mysql/functions/mysql-set-charset.xml: 807c846e04
reference/mysql/reference.xml: 807c846e04
reference/mysql/setup.xml: 807c846e04
reference/mysqli/configure.xml: 807c846e04
reference/mysqli/ini.xml: 807c846e04
reference/network/book.xml: 807c846e04
reference/network/constants.xml: 807c846e04
reference/network/functions/checkdnsrr.xml: 807c846e04
reference/network/functions/closelog.xml: 807c846e04
reference/network/functions/define-syslog-variables.xml: 9bfb615ae2
reference/network/functions/dns-check-record.xml: 807c846e04
reference/network/functions/dns-get-mx.xml: 807c846e04
reference/network/functions/fsockopen.xml: 807c846e04
reference/network/functions/gethostbyaddr.xml: 807c846e04
reference/network/functions/gethostbyname.xml: 807c846e04
reference/network/functions/gethostbynamel.xml: 807c846e04
reference/network/functions/getmxrr.xml: 807c846e04
reference/network/functions/getprotobyname.xml: 807c846e04
reference/network/functions/getprotobynumber.xml: 807c846e04
reference/network/functions/getservbyname.xml: 807c846e04
reference/network/functions/getservbyport.xml: 807c846e04
reference/network/functions/header.xml: 9bfb615ae2
reference/network/functions/headers-list.xml: 807c846e04
reference/network/functions/headers-sent.xml: 807c846e04
reference/network/functions/inet-ntop.xml: 807c846e04
reference/network/functions/inet-pton.xml: 807c846e04
reference/network/functions/ip2long.xml: 807c846e04
reference/network/functions/long2ip.xml: 807c846e04
reference/network/functions/openlog.xml: 807c846e04
reference/network/functions/pfsockopen.xml: 807c846e04
reference/network/functions/setcookie.xml: 9bfb615ae2
reference/network/functions/setrawcookie.xml: 807c846e04
reference/network/functions/socket-get-status.xml: 807c846e04
reference/network/functions/socket-set-blocking.xml: 807c846e04
reference/network/functions/socket-set-timeout.xml: 807c846e04
reference/network/functions/syslog.xml: 807c846e04
reference/network/ini.xml: 9bfb615ae2
reference/network/reference.xml: 807c846e04
reference/network/setup.xml: 807c846e04
reference/nis/book.xml: 807c846e04
reference/nis/configure.xml: 807c846e04
reference/nis/constants.xml: dc3c1a6f7c
reference/nis/functions/yp-next.xml: 807c846e04
reference/nis/reference.xml: 807c846e04
reference/nis/setup.xml: 807c846e04
reference/oci8/configure.xml: 807c846e04
reference/oci8/constants.xml: 807c846e04
reference/oci8/functions/oci-bind-array-by-name.xml: 807c846e04
reference/oci8/functions/oci-bind-by-name.xml: 807c846e04
reference/oci8/functions/oci-cancel.xml: 807c846e04
reference/oci8/functions/oci-close.xml: 807c846e04
reference/oci8/functions/oci-collection-append.xml: 807c846e04
reference/oci8/functions/oci-collection-assign.xml: 807c846e04
reference/oci8/functions/oci-collection-assignelem.xml: 807c846e04
reference/oci8/functions/oci-collection-free.xml: 807c846e04
reference/oci8/functions/oci-collection-getelem.xml: 807c846e04
reference/oci8/functions/oci-collection-max.xml: 807c846e04
reference/oci8/functions/oci-collection-size.xml: 807c846e04
reference/oci8/functions/oci-collection-trim.xml: 807c846e04
reference/oci8/functions/oci-error.xml: 807c846e04
reference/oci8/functions/oci-fetch-all.xml: 807c846e04
reference/oci8/functions/oci-fetch-array.xml: 807c846e04
reference/oci8/functions/oci-fetch-assoc.xml: 807c846e04
reference/oci8/functions/oci-fetch-object.xml: 807c846e04
reference/oci8/functions/oci-fetch-row.xml: 807c846e04
reference/oci8/functions/oci-fetch.xml: 807c846e04
reference/oci8/functions/oci-free-statement.xml: 807c846e04
reference/oci8/functions/ocibindbyname.xml: 807c846e04
reference/oci8/functions/ocicancel.xml: 807c846e04
reference/oci8/functions/ocicloselob.xml: 807c846e04
reference/oci8/functions/ocicollappend.xml: 807c846e04
reference/oci8/functions/ocicollassign.xml: 807c846e04
reference/oci8/functions/ocicollassignelem.xml: 807c846e04
reference/oci8/functions/ocicollgetelem.xml: 807c846e04
reference/oci8/functions/ocicollmax.xml: 807c846e04
reference/oci8/functions/ocicollsize.xml: 807c846e04
reference/oci8/functions/ocicolltrim.xml: 807c846e04
reference/oci8/functions/ocicolumnisnull.xml: 807c846e04
reference/oci8/functions/ocicolumnname.xml: 807c846e04
reference/oci8/functions/ocicolumnprecision.xml: 807c846e04
reference/oci8/functions/ocicolumnscale.xml: 807c846e04
reference/oci8/functions/ocicolumnsize.xml: 807c846e04
reference/oci8/functions/ocicolumntype.xml: 807c846e04
reference/oci8/functions/ocicolumntyperaw.xml: 807c846e04
reference/oci8/functions/ocicommit.xml: 807c846e04
reference/oci8/functions/ocidefinebyname.xml: 807c846e04
reference/oci8/functions/ocierror.xml: 807c846e04
reference/oci8/functions/ociexecute.xml: 807c846e04
reference/oci8/functions/ocifetch.xml: 807c846e04
reference/oci8/functions/ocifetchinto.xml: 807c846e04
reference/oci8/functions/ocifetchstatement.xml: 807c846e04
reference/oci8/functions/ocifreecollection.xml: 807c846e04
reference/oci8/functions/ocifreecursor.xml: 807c846e04
reference/oci8/functions/ocifreedesc.xml: 807c846e04
reference/oci8/functions/ocifreestatement.xml: 807c846e04
reference/oci8/functions/ociinternaldebug.xml: 807c846e04
reference/oci8/functions/ociloadlob.xml: 807c846e04
reference/oci8/functions/ocilogoff.xml: 807c846e04
reference/oci8/functions/ocilogon.xml: 807c846e04
reference/oci8/functions/ocinewcollection.xml: 807c846e04
reference/oci8/functions/ocinewcursor.xml: 807c846e04
reference/oci8/functions/ocinewdescriptor.xml: 807c846e04
reference/oci8/functions/ocinlogon.xml: 807c846e04
reference/oci8/functions/ocinumcols.xml: 807c846e04
reference/oci8/functions/ociparse.xml: 807c846e04
reference/oci8/functions/ociplogon.xml: 807c846e04
reference/oci8/functions/ociresult.xml: 807c846e04
reference/oci8/functions/ocirollback.xml: 807c846e04
reference/oci8/functions/ocirowcount.xml: 807c846e04
reference/oci8/functions/ocisavelob.xml: 807c846e04
reference/oci8/functions/ocisavelobfile.xml: 807c846e04
reference/oci8/functions/ociserverversion.xml: 807c846e04
reference/oci8/functions/ocisetprefetch.xml: 807c846e04
reference/oci8/functions/ocistatementtype.xml: 807c846e04
reference/oci8/functions/ociwritelobtofile.xml: 807c846e04
reference/oci8/functions/ociwritetemporarylob.xml: 807c846e04
reference/oci8/ini.xml: 807c846e04
reference/openssl/book.xml: 807c846e04
reference/openssl/configure.xml: 807c846e04
reference/openssl/functions/openssl-csr-new.xml: 807c846e04
reference/openssl/functions/openssl-error-string.xml: 807c846e04
reference/openssl/functions/openssl-free-key.xml: 807c846e04
reference/openssl/functions/openssl-get-privatekey.xml: 807c846e04
reference/openssl/functions/openssl-get-publickey.xml: 807c846e04
reference/openssl/functions/openssl-pkcs7-decrypt.xml: 807c846e04
reference/openssl/functions/openssl-pkcs7-verify.xml: 807c846e04
reference/openssl/functions/openssl-pkcs12-export-to-file.xml: 807c846e04
reference/openssl/functions/openssl-pkcs12-export.xml: 807c846e04
reference/openssl/functions/openssl-pkey-export-to-file.xml: 807c846e04
reference/openssl/functions/openssl-pkey-export.xml: 807c846e04
reference/openssl/functions/openssl-pkey-free.xml: 807c846e04
reference/openssl/functions/openssl-pkey-get-details.xml: 807c846e04
reference/openssl/functions/openssl-pkey-new.xml: 807c846e04
reference/openssl/functions/openssl-seal.xml: 807c846e04
reference/openssl/functions/openssl-verify.xml: 807c846e04
reference/openssl/functions/openssl-x509-checkpurpose.xml: 807c846e04
reference/openssl/functions/openssl-x509-export-to-file.xml: 807c846e04
reference/openssl/functions/openssl-x509-export.xml: 807c846e04
reference/openssl/functions/openssl-x509-read.xml: 807c846e04
reference/openssl/reference.xml: 807c846e04
reference/openssl/setup.xml: 807c846e04
reference/outcontrol/book.xml: 807c846e04
reference/outcontrol/constants.xml: 807c846e04
reference/outcontrol/examples.xml: 807c846e04
reference/outcontrol/functions/ob-clean.xml: 807c846e04
reference/outcontrol/functions/ob-end-clean.xml: 807c846e04
reference/outcontrol/functions/ob-end-flush.xml: 807c846e04
reference/outcontrol/functions/ob-flush.xml: 807c846e04
reference/outcontrol/functions/ob-get-contents.xml: 807c846e04
reference/outcontrol/functions/ob-get-level.xml: 807c846e04
reference/outcontrol/functions/ob-implicit-flush.xml: 807c846e04
reference/outcontrol/ini.xml: 807c846e04
reference/outcontrol/reference.xml: 807c846e04
reference/outcontrol/setup.xml: 807c846e04
reference/overload/book.xml: 807c846e04
reference/overload/configure.xml: 807c846e04
reference/overload/constants.xml: 807c846e04
reference/overload/examples.xml: 807c846e04
reference/overload/functions/overload.xml: 807c846e04
reference/overload/reference.xml: 807c846e04
reference/overload/setup.xml: 807c846e04
reference/pcntl/book.xml: 807c846e04
reference/pcntl/configure.xml: 807c846e04
reference/pcntl/examples.xml: 807c846e04
reference/pcntl/functions/pcntl-wstopsig.xml: 807c846e04
reference/pcntl/functions/pcntl-wtermsig.xml: 807c846e04
reference/pcntl/reference.xml: 807c846e04
reference/pcntl/setup.xml: 807c846e04
reference/pcre/examples.xml: 807c846e04
reference/pcre/functions/preg-last-error.xml: 807c846e04
reference/pcre/functions/preg-match.xml: 0ebd69d260
reference/pcre/ini.xml: 807c846e04
reference/pcre/pattern.xml: 807c846e04
reference/pcre/reference.xml: 807c846e04
reference/pcre/setup.xml: 807c846e04
reference/pdf/book.xml: 807c846e04
reference/pdf/configure.xml: 807c846e04
reference/pdf/constants.xml: 807c846e04
reference/pdf/examples.xml: 807c846e04
reference/pdf/functions/pdf-activate-item.xml: 807c846e04
reference/pdf/functions/pdf-add-annotation.xml: 807c846e04
reference/pdf/functions/pdf-add-bookmark.xml: 807c846e04
reference/pdf/functions/pdf-add-launchlink.xml: 807c846e04
reference/pdf/functions/pdf-add-locallink.xml: 807c846e04
reference/pdf/functions/pdf-add-nameddest.xml: 807c846e04
reference/pdf/functions/pdf-add-note.xml: 807c846e04
reference/pdf/functions/pdf-add-outline.xml: 807c846e04
reference/pdf/functions/pdf-add-pdflink.xml: 807c846e04
reference/pdf/functions/pdf-add-table-cell.xml: 807c846e04
reference/pdf/functions/pdf-add-textflow.xml: 807c846e04
reference/pdf/functions/pdf-add-thumbnail.xml: 807c846e04
reference/pdf/functions/pdf-add-weblink.xml: 807c846e04
reference/pdf/functions/pdf-arc.xml: 807c846e04
reference/pdf/functions/pdf-arcn.xml: 807c846e04
reference/pdf/functions/pdf-attach-file.xml: 807c846e04
reference/pdf/functions/pdf-begin-document.xml: 807c846e04
reference/pdf/functions/pdf-begin-font.xml: 807c846e04
reference/pdf/functions/pdf-begin-glyph.xml: 807c846e04
reference/pdf/functions/pdf-begin-item.xml: 807c846e04
reference/pdf/functions/pdf-begin-layer.xml: 807c846e04
reference/pdf/functions/pdf-begin-page-ext.xml: 807c846e04
reference/pdf/functions/pdf-begin-page.xml: 807c846e04
reference/pdf/functions/pdf-begin-pattern.xml: 807c846e04
reference/pdf/functions/pdf-begin-template-ext.xml: 807c846e04
reference/pdf/functions/pdf-begin-template.xml: 807c846e04
reference/pdf/functions/pdf-circle.xml: 807c846e04
reference/pdf/functions/pdf-clip.xml: 807c846e04
reference/pdf/functions/pdf-close-image.xml: 807c846e04
reference/pdf/functions/pdf-close-pdi-page.xml: 807c846e04
reference/pdf/functions/pdf-close-pdi.xml: 807c846e04
reference/pdf/functions/pdf-close.xml: 807c846e04
reference/pdf/functions/pdf-closepath-fill-stroke.xml: 807c846e04
reference/pdf/functions/pdf-closepath-stroke.xml: 807c846e04
reference/pdf/functions/pdf-closepath.xml: 807c846e04
reference/pdf/functions/pdf-concat.xml: 807c846e04
reference/pdf/functions/pdf-continue-text.xml: 807c846e04
reference/pdf/functions/pdf-create-3dview.xml: 807c846e04
reference/pdf/functions/pdf-create-action.xml: 807c846e04
reference/pdf/functions/pdf-create-annotation.xml: 807c846e04
reference/pdf/functions/pdf-create-bookmark.xml: 807c846e04
reference/pdf/functions/pdf-shading-pattern.xml: 807c846e04
reference/pdf/functions/pdf-shading.xml: 807c846e04
reference/pdf/functions/pdf-shfill.xml: 807c846e04
reference/pdf/functions/pdf-show-boxed.xml: 807c846e04
reference/pdf/functions/pdf-show-xy.xml: 807c846e04
reference/pdf/functions/pdf-show.xml: 807c846e04
reference/pdf/functions/pdf-translate.xml: 807c846e04
reference/pdf/functions/pdf-utf8-to-utf16.xml: 807c846e04
reference/pdf/functions/pdf-utf16-to-utf8.xml: 807c846e04
reference/pdf/functions/pdf-utf32-to-utf16.xml: 807c846e04
reference/pdf/reference.xml: 807c846e04
reference/pdf/setup.xml: 807c846e04
reference/pdo/configure.xml: 0ebd69d260
reference/pdo/connections.xml: 807c846e04
reference/pdo/error-handling.xml: 807c846e04
reference/pdo/lobs.xml: 807c846e04
reference/pdo/pdo.xml: 807c846e04
reference/pdo/prepared-statements.xml: 0ebd69d260
reference/pdo/setup.xml: 807c846e04
reference/pdo_sqlite/functions/PDO-sqliteCreateAggregate.xml: 807c846e04
reference/pdo_sqlite/functions/PDO-sqliteCreateFunction.xml: 807c846e04
reference/pdo_sqlite/reference.xml: 807c846e04
reference/pgsql/book.xml: 807c846e04
reference/pgsql/constants.xml: 807c846e04
reference/pgsql/examples.xml: 807c846e04
reference/pgsql/functions/pg-affected-rows.xml: 807c846e04
reference/pgsql/functions/pg-cancel-query.xml: 807c846e04
reference/pgsql/functions/pg-client-encoding.xml: 807c846e04
reference/pgsql/functions/pg-close.xml: 807c846e04
reference/pgsql/functions/pg-connect.xml: 807c846e04
reference/pgsql/functions/pg-connection-busy.xml: 807c846e04
reference/pgsql/functions/pg-connection-reset.xml: 807c846e04
reference/pgsql/functions/pg-connection-status.xml: 807c846e04
reference/pgsql/functions/pg-convert.xml: 807c846e04
reference/pgsql/functions/pg-copy-from.xml: 807c846e04
reference/pgsql/functions/pg-copy-to.xml: 807c846e04
reference/pgsql/functions/pg-dbname.xml: 807c846e04
reference/pgsql/functions/pg-delete.xml: 807c846e04
reference/pgsql/functions/pg-end-copy.xml: 807c846e04
reference/pgsql/functions/pg-escape-bytea.xml: 807c846e04
reference/pgsql/functions/pg-escape-string.xml: 807c846e04
reference/pgsql/functions/pg-execute.xml: 807c846e04
reference/pgsql/functions/pg-fetch-all-columns.xml: 807c846e04
reference/pgsql/functions/pg-fetch-all.xml: 807c846e04
reference/pgsql/functions/pg-fetch-array.xml: 807c846e04
reference/pgsql/functions/pg-fetch-assoc.xml: 807c846e04
reference/pgsql/functions/pg-fetch-object.xml: 807c846e04
reference/pgsql/functions/pg-fetch-result.xml: 807c846e04
reference/pgsql/functions/pg-fetch-row.xml: 807c846e04
reference/pgsql/functions/pg-field-is-null.xml: 807c846e04
reference/pgsql/functions/pg-field-name.xml: 807c846e04
reference/pgsql/functions/pg-field-num.xml: 807c846e04
reference/pgsql/functions/pg-field-prtlen.xml: 807c846e04
reference/pgsql/functions/pg-field-size.xml: 807c846e04
reference/pgsql/functions/pg-field-table.xml: 807c846e04
reference/pgsql/functions/pg-field-type-oid.xml: 807c846e04
reference/pgsql/functions/pg-field-type.xml: 807c846e04
reference/pgsql/functions/pg-free-result.xml: 807c846e04
reference/pgsql/functions/pg-get-notify.xml: 807c846e04
reference/pgsql/functions/pg-get-pid.xml: 807c846e04
reference/pgsql/functions/pg-get-result.xml: 807c846e04
reference/pgsql/functions/pg-host.xml: 807c846e04
reference/pgsql/functions/pg-insert.xml: 807c846e04
reference/pgsql/functions/pg-last-error.xml: 807c846e04
reference/pgsql/functions/pg-last-notice.xml: 807c846e04
reference/pgsql/functions/pg-last-oid.xml: 807c846e04
reference/pgsql/functions/pg-lo-close.xml: 807c846e04
reference/pgsql/functions/pg-lo-create.xml: 807c846e04
reference/pgsql/functions/pg-lo-export.xml: 807c846e04
reference/pgsql/functions/pg-lo-import.xml: 807c846e04
reference/pgsql/functions/pg-lo-open.xml: 807c846e04
reference/pgsql/functions/pg-lo-read-all.xml: 807c846e04
reference/pgsql/functions/pg-lo-read.xml: 807c846e04
reference/pgsql/functions/pg-lo-seek.xml: 807c846e04
reference/pgsql/functions/pg-lo-tell.xml: 807c846e04
reference/pgsql/functions/pg-lo-unlink.xml: 807c846e04
reference/pgsql/functions/pg-lo-write.xml: 807c846e04
reference/pgsql/functions/pg-meta-data.xml: 807c846e04
reference/pgsql/functions/pg-num-fields.xml: 807c846e04
reference/pgsql/functions/pg-num-rows.xml: 807c846e04
reference/pgsql/functions/pg-options.xml: 807c846e04
reference/pgsql/functions/pg-parameter-status.xml: 807c846e04
reference/pgsql/functions/pg-pconnect.xml: 807c846e04
reference/pgsql/functions/pg-ping.xml: 807c846e04
reference/pgsql/functions/pg-port.xml: 807c846e04
reference/pgsql/functions/pg-prepare.xml: 807c846e04
reference/pgsql/functions/pg-put-line.xml: 807c846e04
reference/pgsql/functions/pg-query-params.xml: 807c846e04
reference/pgsql/functions/pg-query.xml: 4d1f1edf4a
reference/pgsql/functions/pg-result-error-field.xml: 807c846e04
reference/pgsql/functions/pg-result-error.xml: 807c846e04
reference/pgsql/functions/pg-result-seek.xml: 807c846e04
reference/pgsql/functions/pg-result-status.xml: 807c846e04
reference/pgsql/functions/pg-select.xml: 807c846e04
reference/pgsql/functions/pg-send-execute.xml: 807c846e04
reference/pgsql/functions/pg-send-prepare.xml: 807c846e04
reference/pgsql/functions/pg-send-query-params.xml: 807c846e04
reference/pgsql/functions/pg-send-query.xml: 4d1f1edf4a
reference/pgsql/functions/pg-set-client-encoding.xml: 807c846e04
reference/pgsql/functions/pg-set-error-verbosity.xml: 807c846e04
reference/pgsql/functions/pg-trace.xml: 807c846e04
reference/pgsql/functions/pg-transaction-status.xml: 807c846e04
reference/pgsql/functions/pg-tty.xml: 807c846e04
reference/pgsql/functions/pg-unescape-bytea.xml: 807c846e04
reference/pgsql/functions/pg-untrace.xml: 807c846e04
reference/pgsql/functions/pg-update.xml: 807c846e04
reference/pgsql/functions/pg-version.xml: 807c846e04
reference/pgsql/ini.xml: 807c846e04
reference/pgsql/reference.xml: 807c846e04
reference/pgsql/setup.xml: 807c846e04
reference/posix/book.xml: 807c846e04
reference/posix/configure.xml: 807c846e04
reference/posix/constants.xml: 807c846e04
reference/posix/functions/posix-ctermid.xml: 807c846e04
reference/posix/functions/posix-get-last-error.xml: 807c846e04
reference/posix/functions/posix-getcwd.xml: 807c846e04
reference/posix/functions/posix-getegid.xml: ce25413b53
reference/posix/functions/posix-geteuid.xml: ce25413b53
reference/posix/functions/posix-getgid.xml: ce25413b53
reference/posix/functions/posix-getgrgid.xml: 807c846e04
reference/posix/functions/posix-getgrnam.xml: 807c846e04
reference/posix/functions/posix-getgroups.xml: 807c846e04
reference/posix/functions/posix-getlogin.xml: 807c846e04
reference/posix/functions/posix-getpgid.xml: 807c846e04
reference/posix/functions/posix-getpgrp.xml: 807c846e04
reference/posix/functions/posix-getpid.xml: ce25413b53
reference/posix/functions/posix-getppid.xml: 807c846e04
reference/posix/functions/posix-getpwuid.xml: 807c846e04
reference/posix/functions/posix-getrlimit.xml: 807c846e04
reference/posix/functions/posix-getsid.xml: 807c846e04
reference/posix/functions/posix-getuid.xml: ce25413b53
reference/posix/functions/posix-initgroups.xml: 807c846e04
reference/posix/functions/posix-isatty.xml: 807c846e04
reference/posix/functions/posix-kill.xml: 807c846e04
reference/posix/functions/posix-mkfifo.xml: 807c846e04
reference/posix/functions/posix-setegid.xml: ce25413b53
reference/posix/functions/posix-seteuid.xml: 807c846e04
reference/posix/functions/posix-setgid.xml: ce25413b53
reference/posix/functions/posix-setpgid.xml: 807c846e04
reference/posix/functions/posix-setsid.xml: 807c846e04
reference/posix/functions/posix-strerror.xml: 807c846e04
reference/posix/functions/posix-times.xml: 807c846e04
reference/posix/functions/posix-ttyname.xml: 807c846e04
reference/posix/functions/posix-uname.xml: 807c846e04
reference/posix/reference.xml: 807c846e04
reference/posix/setup.xml: 807c846e04
reference/printer/book.xml: 807c846e04
reference/printer/configure.xml: 807c846e04
reference/printer/constants.xml: 807c846e04
reference/printer/ini.xml: 807c846e04
reference/printer/reference.xml: 807c846e04
reference/printer/setup.xml: 807c846e04
reference/pspell/book.xml: 807c846e04
reference/pspell/configure.xml: 807c846e04
reference/pspell/constants.xml: 807c846e04
reference/pspell/functions/pspell-add-to-personal.xml: 807c846e04
reference/pspell/functions/pspell-add-to-session.xml: 807c846e04
reference/pspell/functions/pspell-check.xml: 807c846e04
reference/pspell/functions/pspell-clear-session.xml: 807c846e04
reference/pspell/functions/pspell-config-create.xml: 807c846e04
reference/pspell/functions/pspell-config-data-dir.xml: 807c846e04
reference/pspell/functions/pspell-config-dict-dir.xml: 807c846e04
reference/pspell/functions/pspell-config-ignore.xml: 807c846e04
reference/pspell/functions/pspell-config-mode.xml: 807c846e04
reference/pspell/functions/pspell-config-personal.xml: 807c846e04
reference/pspell/functions/pspell-config-repl.xml: 807c846e04
reference/pspell/functions/pspell-config-runtogether.xml: 807c846e04
reference/pspell/functions/pspell-config-save-repl.xml: 807c846e04
reference/pspell/functions/pspell-new-config.xml: 807c846e04
reference/pspell/functions/pspell-save-wordlist.xml: 807c846e04
reference/pspell/functions/pspell-store-replacement.xml: 807c846e04
reference/pspell/functions/pspell-suggest.xml: 807c846e04
reference/pspell/reference.xml: 807c846e04
reference/pspell/setup.xml: 807c846e04
reference/readline/book.xml: 807c846e04
reference/readline/configure.xml: 807c846e04
reference/readline/constants.xml: 807c846e04
reference/readline/functions/readline-add-history.xml: 807c846e04
reference/readline/functions/readline-callback-handler-install.xml: 807c846e04
reference/readline/functions/readline-callback-handler-remove.xml: 807c846e04
reference/readline/functions/readline-callback-read-char.xml: 807c846e04
reference/readline/functions/readline-clear-history.xml: 807c846e04
reference/readline/functions/readline-completion-function.xml: 807c846e04
reference/readline/functions/readline-info.xml: 807c846e04
reference/readline/functions/readline-list-history.xml: 807c846e04
reference/readline/functions/readline-on-new-line.xml: 807c846e04
reference/readline/functions/readline-read-history.xml: 807c846e04
reference/readline/functions/readline-redisplay.xml: 807c846e04
reference/readline/functions/readline-write-history.xml: 807c846e04
reference/readline/functions/readline.xml: 807c846e04
reference/readline/reference.xml: 807c846e04
reference/readline/setup.xml: 807c846e04
reference/recode/book.xml: 807c846e04
reference/recode/configure.xml: 807c846e04
reference/recode/constants.xml: 807c846e04
reference/recode/functions/recode-file.xml: 807c846e04
reference/recode/functions/recode-string.xml: 807c846e04
reference/recode/functions/recode.xml: 807c846e04
reference/recode/reference.xml: 807c846e04
reference/recode/setup.xml: 807c846e04
reference/regex/constants.xml: 807c846e04
reference/regex/examples.xml: 807c846e04
reference/regex/reference.xml: 807c846e04
reference/regex/setup.xml: 807c846e04
reference/sem/book.xml: 807c846e04
reference/sem/configure.xml: 807c846e04
reference/sem/constants.xml: 807c846e04
reference/sem/functions/ftok.xml: 807c846e04
reference/sem/functions/msg-get-queue.xml: 807c846e04
reference/sem/functions/msg-remove-queue.xml: 807c846e04
reference/sem/functions/msg-set-queue.xml: 807c846e04
reference/sem/functions/msg-stat-queue.xml: 807c846e04
reference/sem/functions/sem-acquire.xml: 807c846e04
reference/sem/functions/sem-get.xml: 807c846e04
reference/sem/functions/sem-release.xml: 807c846e04
reference/sem/functions/sem-remove.xml: 807c846e04
reference/sem/functions/shm-attach.xml: 807c846e04
reference/sem/functions/shm-detach.xml: 807c846e04
reference/sem/functions/shm-remove-var.xml: 807c846e04
reference/sem/functions/shm-remove.xml: 807c846e04
reference/sem/ini.xml: 807c846e04
reference/sem/reference.xml: 807c846e04
reference/sem/setup.xml: 807c846e04
reference/session/book.xml: 807c846e04
reference/session/configure.xml: 807c846e04
reference/session/constants.xml: 807c846e04
reference/session/examples.xml: 807c846e04
reference/session/functions/session-cache-expire.xml: 807c846e04
reference/session/functions/session-commit.xml: 807c846e04
reference/session/functions/session-decode.xml: 807c846e04
reference/session/functions/session-destroy.xml: 807c846e04
reference/session/functions/session-encode.xml: 807c846e04
reference/session/functions/session-get-cookie-params.xml: 807c846e04
reference/session/functions/session-id.xml: 807c846e04
reference/session/functions/session-is-registered.xml: 807c846e04
reference/session/functions/session-module-name.xml: 807c846e04
reference/session/functions/session-name.xml: 807c846e04
reference/session/functions/session-regenerate-id.xml: 807c846e04
reference/session/functions/session-register.xml: 807c846e04
reference/session/functions/session-save-path.xml: 807c846e04
reference/session/functions/session-set-cookie-params.xml: 807c846e04
reference/session/functions/session-set-save-handler.xml: 807c846e04
reference/session/functions/session-unregister.xml: 807c846e04
reference/session/functions/session-unset.xml: 807c846e04
reference/session/functions/session-write-close.xml: 807c846e04
reference/session/reference.xml: 807c846e04
reference/session/security.xml: 807c846e04
reference/session/setup.xml: 807c846e04
reference/shmop/book.xml: 807c846e04
reference/shmop/configure.xml: 807c846e04
reference/shmop/constants.xml: 807c846e04
reference/shmop/examples.xml: 807c846e04
reference/shmop/functions/shmop-close.xml: 807c846e04
reference/shmop/functions/shmop-delete.xml: 807c846e04
reference/shmop/functions/shmop-open.xml: 807c846e04
reference/shmop/functions/shmop-read.xml: 807c846e04
reference/shmop/functions/shmop-size.xml: 807c846e04
reference/shmop/functions/shmop-write.xml: 807c846e04
reference/shmop/reference.xml: 807c846e04
reference/shmop/setup.xml: 807c846e04
reference/simplexml/book.xml: 48d0011a12
reference/simplexml/configure.xml: 807c846e04
reference/simplexml/constants.xml: 807c846e04
reference/simplexml/examples.xml: 48d0011a12
reference/simplexml/functions/simplexml-element-addAttribute.xml: 48d0011a12
reference/simplexml/functions/simplexml-element-addChild.xml: 48d0011a12
reference/simplexml/functions/simplexml-element-asXML.xml: 48d0011a12
reference/simplexml/functions/simplexml-element-attributes.xml: 48d0011a12
reference/simplexml/functions/simplexml-element-children.xml: 48d0011a12
reference/simplexml/functions/simplexml-element-construct.xml: 48d0011a12
reference/simplexml/functions/simplexml-element-getDocNamespaces.xml: 48d0011a12
reference/simplexml/functions/simplexml-element-getName.xml: 48d0011a12
reference/simplexml/functions/simplexml-element-getNamespaces.xml: 48d0011a12
reference/simplexml/functions/simplexml-element-registerXPathNamespace.xml: 48d0011a12
reference/simplexml/functions/simplexml-element-xpath.xml: 48d0011a12
reference/simplexml/functions/simplexml-import-dom.xml: 807c846e04
reference/simplexml/functions/simplexml-load-file.xml: 48d0011a12
reference/simplexml/functions/simplexml-load-string.xml: 48d0011a12
reference/simplexml/reference.xml: 807c846e04
reference/simplexml/setup.xml: 807c846e04
reference/snmp/book.xml: 807c846e04
reference/snmp/configure.xml: 807c846e04
reference/snmp/constants.xml: 807c846e04
reference/snmp/reference.xml: 807c846e04
reference/snmp/setup.xml: 807c846e04
reference/soap/book.xml: 807c846e04
reference/soap/constants.xml: 807c846e04
reference/soap/functions/is-soap-fault.xml: 807c846e04
reference/soap/functions/use-soap-error-handler.xml: 807c846e04
reference/soap/ini.xml: 807c846e04
reference/soap/reference.xml: 807c846e04
reference/soap/setup.xml: 807c846e04
reference/soap/soapclient/call.xml: 48d0011a12
reference/soap/soapclient/construct.xml: 807c846e04
reference/soap/soapclient/dorequest.xml: 807c846e04
reference/soap/soapclient/getfunctions.xml: 48d0011a12
reference/soap/soapclient/getlastrequest.xml: 807c846e04
reference/soap/soapclient/getlastrequestheaders.xml: 807c846e04
reference/soap/soapclient/getlastresponse.xml: 807c846e04
reference/soap/soapclient/getlastresponseheaders.xml: 807c846e04
reference/soap/soapclient/gettypes.xml: 807c846e04
reference/soap/soapclient/setcookie.xml: 807c846e04
reference/soap/soapclient/setlocation.xml: 807c846e04
reference/soap/soapclient/setsoapheaders.xml: 807c846e04
reference/soap/soapclient/soapcall.xml: 807c846e04
reference/soap/soapclient/soapclient.xml: 807c846e04
reference/soap/soapvar/construct.xml: 807c846e04
reference/soap/soapvar/soapvar.xml: 807c846e04
reference/sockets/book.xml: 807c846e04
reference/sockets/configure.xml: 807c846e04
reference/sockets/errors.xml: 807c846e04
reference/sockets/examples.xml: 807c846e04
reference/sockets/functions/socket-accept.xml: 807c846e04
reference/sockets/functions/socket-bind.xml: 807c846e04
reference/sockets/functions/socket-clear-error.xml: 807c846e04
reference/sockets/functions/socket-close.xml: 807c846e04
reference/sockets/functions/socket-connect.xml: 807c846e04
reference/sockets/functions/socket-create-listen.xml: 807c846e04
reference/sockets/functions/socket-create-pair.xml: 807c846e04
reference/sockets/functions/socket-getpeername.xml: 807c846e04
reference/sockets/functions/socket-getsockname.xml: 807c846e04
reference/sockets/functions/socket-last-error.xml: 807c846e04
reference/sockets/functions/socket-listen.xml: 807c846e04
reference/sockets/functions/socket-recv.xml: 48d0011a12
reference/sockets/functions/socket-recvfrom.xml: 48d0011a12
reference/sockets/functions/socket-send.xml: 807c846e04
reference/sockets/functions/socket-sendto.xml: 807c846e04
reference/sockets/functions/socket-set-block.xml: 807c846e04
reference/sockets/functions/socket-set-nonblock.xml: 807c846e04
reference/sockets/functions/socket-set-option.xml: 807c846e04
reference/sockets/functions/socket-shutdown.xml: 807c846e04
reference/sockets/functions/socket-strerror.xml: 807c846e04
reference/sockets/functions/socket-write.xml: 807c846e04
reference/sockets/reference.xml: 807c846e04
reference/sockets/setup.xml: 807c846e04
reference/sqlite/book.xml: 807c846e04
reference/sqlite/constants.xml: 807c846e04
reference/sqlite/functions/sqlite-array-query.xml: 807c846e04
reference/sqlite/functions/sqlite-busy-timeout.xml: 807c846e04
reference/sqlite/functions/sqlite-changes.xml: 807c846e04
reference/sqlite/functions/sqlite-close.xml: 807c846e04
reference/sqlite/functions/sqlite-column.xml: 807c846e04
reference/sqlite/functions/sqlite-create-aggregate.xml: 807c846e04
reference/sqlite/functions/sqlite-create-function.xml: 807c846e04
reference/sqlite/functions/sqlite-current.xml: 807c846e04
reference/sqlite/functions/sqlite-error-string.xml: 807c846e04
reference/sqlite/functions/sqlite-escape-string.xml: 807c846e04
reference/sqlite/functions/sqlite-exec.xml: 807c846e04
reference/sqlite/functions/sqlite-factory.xml: 807c846e04
reference/sqlite/functions/sqlite-fetch-all.xml: 807c846e04
reference/sqlite/functions/sqlite-fetch-array.xml: 807c846e04
reference/sqlite/functions/sqlite-fetch-column-types.xml: 807c846e04
reference/sqlite/functions/sqlite-fetch-object.xml: 807c846e04
reference/sqlite/functions/sqlite-fetch-single.xml: 807c846e04
reference/sqlite/functions/sqlite-fetch-string.xml: 807c846e04
reference/sqlite/functions/sqlite-field-name.xml: 807c846e04
reference/sqlite/functions/sqlite-has-more.xml: 807c846e04
reference/sqlite/functions/sqlite-has-prev.xml: 807c846e04
reference/sqlite/functions/sqlite-key.xml: 807c846e04
reference/sqlite/functions/sqlite-last-error.xml: 807c846e04
reference/sqlite/functions/sqlite-last-insert-rowid.xml: 807c846e04
reference/sqlite/functions/sqlite-libencoding.xml: 807c846e04
reference/sqlite/functions/sqlite-libversion.xml: 807c846e04
reference/sqlite/functions/sqlite-next.xml: 807c846e04
reference/sqlite/functions/sqlite-num-fields.xml: 807c846e04
reference/sqlite/functions/sqlite-num-rows.xml: 807c846e04
reference/sqlite/functions/sqlite-open.xml: 807c846e04
reference/sqlite/functions/sqlite-popen.xml: 807c846e04
reference/sqlite/functions/sqlite-prev.xml: 807c846e04
reference/sqlite/functions/sqlite-query.xml: 807c846e04
reference/sqlite/functions/sqlite-rewind.xml: 807c846e04
reference/sqlite/functions/sqlite-seek.xml: 807c846e04
reference/sqlite/functions/sqlite-single-query.xml: 807c846e04
reference/sqlite/functions/sqlite-udf-decode-binary.xml: 807c846e04
reference/sqlite/functions/sqlite-udf-encode-binary.xml: 807c846e04
reference/sqlite/functions/sqlite-unbuffered-query.xml: 807c846e04
reference/sqlite/functions/sqlite-valid.xml: 807c846e04
reference/sqlite/reference.xml: 610d66bc32
reference/sqlite/setup.xml: 807c846e04
reference/sqlite3/book.xml: 807c846e04
reference/sqlite3/configure.xml: 807c846e04
reference/sqlite3/constants.xml: 807c846e04
reference/strings/book.xml: 807c846e04
reference/strings/charsets.xml: 807c846e04
reference/strings/constants.xml: 807c846e04
reference/strings/functions/addcslashes.xml: 807c846e04
reference/strings/functions/addslashes.xml: 807c846e04
reference/strings/functions/bin2hex.xml: 807c846e04
reference/strings/functions/chop.xml: 807c846e04
reference/strings/functions/chr.xml: 807c846e04
reference/strings/functions/chunk-split.xml: 807c846e04
reference/strings/functions/convert-cyr-string.xml: 807c846e04
reference/strings/functions/convert-uudecode.xml: 807c846e04
reference/strings/functions/convert-uuencode.xml: 807c846e04
reference/strings/functions/count-chars.xml: 807c846e04
reference/strings/functions/crc32.xml: 807c846e04
reference/strings/functions/crypt.xml: 807c846e04
reference/strings/functions/echo.xml: 807c846e04
reference/strings/functions/explode.xml: 807c846e04
reference/strings/functions/fprintf.xml: 807c846e04
reference/strings/functions/get-html-translation-table.xml: 807c846e04
reference/strings/functions/hebrev.xml: 807c846e04
reference/strings/functions/hebrevc.xml: 807c846e04
reference/strings/functions/html-entity-decode.xml: 807c846e04
reference/strings/functions/htmlentities.xml: 807c846e04
reference/strings/functions/htmlspecialchars-decode.xml: 807c846e04
reference/strings/functions/htmlspecialchars.xml: 807c846e04
reference/strings/functions/implode.xml: 807c846e04
reference/strings/functions/join.xml: 807c846e04
reference/strings/functions/lcfirst.xml: 807c846e04
reference/strings/functions/levenshtein.xml: 807c846e04
reference/strings/functions/localeconv.xml: 807c846e04
reference/strings/functions/ltrim.xml: 807c846e04
reference/strings/functions/md5-file.xml: 807c846e04
reference/strings/functions/md5.xml: 807c846e04
reference/strings/functions/metaphone.xml: 807c846e04
reference/strings/functions/nl-langinfo.xml: 807c846e04
reference/strings/functions/nl2br.xml: 807c846e04
reference/strings/functions/number-format.xml: 807c846e04
reference/strings/functions/ord.xml: 807c846e04
reference/strings/functions/parse-str.xml: 807c846e04
reference/strings/functions/print.xml: 807c846e04
reference/strings/functions/printf.xml: 807c846e04
reference/strings/functions/quoted-printable-decode.xml: 807c846e04
reference/strings/functions/quotemeta.xml: 807c846e04
reference/strings/functions/rtrim.xml: 807c846e04
reference/strings/functions/setlocale.xml: bf54ce4c56
reference/strings/functions/sha1-file.xml: 807c846e04
reference/strings/functions/sha1.xml: 807c846e04
reference/strings/functions/similar-text.xml: 807c846e04
reference/strings/functions/soundex.xml: 807c846e04
reference/strings/functions/sprintf.xml: 807c846e04
reference/strings/functions/sscanf.xml: 807c846e04
reference/strings/functions/str-getcsv.xml: 807c846e04
reference/strings/functions/str-ireplace.xml: 807c846e04
reference/strings/functions/str-pad.xml: 807c846e04
reference/strings/functions/str-repeat.xml: 807c846e04
reference/strings/functions/str-replace.xml: 807c846e04
reference/strings/functions/str-rot13.xml: 807c846e04
reference/strings/functions/str-shuffle.xml: 807c846e04
reference/strings/functions/str-split.xml: 807c846e04
reference/strings/functions/str-word-count.xml: 807c846e04
reference/strings/functions/strcasecmp.xml: 807c846e04
reference/strings/functions/strchr.xml: 807c846e04
reference/strings/functions/strcmp.xml: 807c846e04
reference/strings/functions/strcoll.xml: 807c846e04
reference/strings/functions/strcspn.xml: 807c846e04
reference/strings/functions/strip-tags.xml: 807c846e04
reference/strings/functions/stripcslashes.xml: 807c846e04
reference/strings/functions/stripos.xml: 807c846e04
reference/strings/functions/stripslashes.xml: 807c846e04
reference/strings/functions/stristr.xml: 807c846e04
reference/strings/functions/strlen.xml: 807c846e04
reference/strings/functions/strnatcasecmp.xml: 807c846e04
reference/strings/functions/strnatcmp.xml: 807c846e04
reference/strings/functions/strncasecmp.xml: 807c846e04
reference/strings/functions/strncmp.xml: 807c846e04
reference/strings/functions/strpbrk.xml: 807c846e04
reference/strings/functions/strpos.xml: 807c846e04
reference/strings/functions/strrchr.xml: 807c846e04
reference/strings/functions/strrev.xml: 807c846e04
reference/strings/functions/strripos.xml: 807c846e04
reference/strings/functions/strrpos.xml: 807c846e04
reference/strings/functions/strspn.xml: bf54ce4c56
reference/strings/functions/strstr.xml: 807c846e04
reference/strings/functions/strtok.xml: 807c846e04
reference/strings/functions/strtolower.xml: 807c846e04
reference/strings/functions/strtoupper.xml: 807c846e04
reference/strings/functions/strtr.xml: 807c846e04
reference/strings/functions/substr-compare.xml: 807c846e04
reference/strings/functions/substr-count.xml: 807c846e04
reference/strings/functions/substr-replace.xml: 807c846e04
reference/strings/functions/substr.xml: 807c846e04
reference/strings/functions/trim.xml: 807c846e04
reference/strings/functions/ucfirst.xml: 807c846e04
reference/strings/functions/ucwords.xml: 807c846e04
reference/strings/functions/vfprintf.xml: 807c846e04
reference/strings/functions/vprintf.xml: 807c846e04
reference/strings/functions/vsprintf.xml: 807c846e04
reference/strings/functions/wordwrap.xml: 807c846e04
reference/strings/reference.xml: 807c846e04
reference/strings/setup.xml: 807c846e04
reference/sybase/book.xml: 807c846e04
reference/sybase/reference.xml: 807c846e04
reference/sybase/setup.xml: 807c846e04
reference/tokenizer/configure.xml: 807c846e04
reference/tokenizer/constants.xml: 807c846e04
reference/tokenizer/examples.xml: 807c846e04
reference/tokenizer/functions/token-get-all.xml: 807c846e04
reference/tokenizer/functions/token-name.xml: 807c846e04
reference/tokenizer/setup.xml: 807c846e04
reference/uodbc/book.xml: 807c846e04
reference/uodbc/constants.xml: 807c846e04
reference/uodbc/reference.xml: 807c846e04
reference/uodbc/setup.xml: 807c846e04
reference/url/book.xml: 807c846e04
reference/url/constants.xml: 807c846e04
reference/url/functions/base64-decode.xml: 807c846e04
reference/url/functions/base64-encode.xml: 807c846e04
reference/url/functions/get-headers.xml: 807c846e04
reference/url/functions/get-meta-tags.xml: 807c846e04
reference/url/functions/http-build-query.xml: 807c846e04
reference/url/functions/parse-url.xml: 807c846e04
reference/url/functions/rawurldecode.xml: 807c846e04
reference/url/functions/rawurlencode.xml: 807c846e04
reference/url/functions/urldecode.xml: 807c846e04
reference/url/functions/urlencode.xml: 807c846e04
reference/url/reference.xml: 807c846e04
reference/url/setup.xml: 807c846e04
reference/var/book.xml: 807c846e04
reference/var/constants.xml: 807c846e04
reference/var/functions/doubleval.xml: 807c846e04
reference/var/functions/empty.xml: 807c846e04
reference/var/functions/floatval.xml: 807c846e04
reference/var/functions/get-defined-vars.xml: 807c846e04
reference/var/functions/gettype.xml: 807c846e04
reference/var/functions/intval.xml: 807c846e04
reference/var/functions/is-array.xml: 807c846e04
reference/var/functions/is-binary.xml: 807c846e04
reference/var/functions/is-bool.xml: 807c846e04
reference/var/functions/is-buffer.xml: 807c846e04
reference/var/functions/is-double.xml: 807c846e04
reference/var/functions/is-float.xml: 807c846e04
reference/var/functions/is-int.xml: 807c846e04
reference/var/functions/is-integer.xml: 807c846e04
reference/var/functions/is-long.xml: 807c846e04
reference/var/functions/is-null.xml: 807c846e04
reference/var/functions/is-numeric.xml: 807c846e04
reference/var/functions/is-object.xml: 807c846e04
reference/var/functions/is-real.xml: 807c846e04
reference/var/functions/is-resource.xml: 807c846e04
reference/var/functions/is-scalar.xml: 807c846e04
reference/var/functions/is-string.xml: 807c846e04
reference/var/functions/is-unicode.xml: 807c846e04
reference/var/functions/isset.xml: 807c846e04
reference/var/functions/print-r.xml: 807c846e04
reference/var/functions/serialize.xml: 3d1e8faad9
reference/var/functions/settype.xml: 807c846e04
reference/var/functions/strval.xml: 807c846e04
reference/var/functions/unserialize.xml: 3d1e8faad9
reference/var/functions/unset.xml: 807c846e04
reference/var/functions/var-dump.xml: 807c846e04
reference/var/ini.xml: 807c846e04
reference/var/reference.xml: 807c846e04
reference/var/setup.xml: 807c846e04
reference/xml/functions/utf8-decode.xml: 4359499d26
reference/xml/functions/utf8-encode.xml: 807c846e04
reference/xmlreader/book.xml: 807c846e04
reference/xmlreader/setup.xml: 807c846e04
reference/xmlwriter/book.xml: 807c846e04
reference/xmlwriter/constants.xml: 807c846e04
reference/xmlwriter/functions/xmlwriter-open-memory.xml: 807c846e04
reference/xsl/book.xml: 807c846e04
reference/xsl/configure.xml: 807c846e04
reference/xsl/constants.xml: 807c846e04
reference/xsl/examples.xml: 807c846e04
reference/xsl/setup.xml: 807c846e04
reference/xsl/xsltprocessor.xml: 807c846e04
reference/xsl/xsltprocessor/construct.xml: 807c846e04
reference/xsl/xsltprocessor/getparameter.xml: 807c846e04
reference/xsl/xsltprocessor/hasexsltsupport.xml: 807c846e04
reference/xsl/xsltprocessor/importstylesheet.xml: 807c846e04
reference/xsl/xsltprocessor/registerphpfunctions.xml: 807c846e04
reference/xsl/xsltprocessor/removeparameter.xml: 807c846e04
reference/xsl/xsltprocessor/setparameter.xml: 807c846e04
reference/xsl/xsltprocessor/transformtodoc.xml: 807c846e04
reference/xsl/xsltprocessor/transformtoxml.xml: 807c846e04
reference/xslt/constants.xml: 807c846e04
reference/xslt/functions/xslt-backend-info.xml: 807c846e04
reference/xslt/functions/xslt-backend-name.xml: 807c846e04
reference/xslt/functions/xslt-backend-version.xml: 807c846e04
reference/xslt/functions/xslt-create.xml: 807c846e04
reference/xslt/functions/xslt-errno.xml: 807c846e04
reference/xslt/functions/xslt-error.xml: 807c846e04
reference/xslt/functions/xslt-free.xml: 807c846e04
reference/xslt/functions/xslt-getopt.xml: 807c846e04
reference/xslt/functions/xslt-process.xml: 807c846e04
reference/xslt/functions/xslt-set-base.xml: 807c846e04
reference/xslt/functions/xslt-set-encoding.xml: 807c846e04
reference/xslt/functions/xslt-set-error-handler.xml: 807c846e04
reference/xslt/functions/xslt-set-log.xml: 807c846e04
reference/xslt/functions/xslt-set-sax-handler.xml: 807c846e04
reference/xslt/setup.xml: 807c846e04
reference/zip/book.xml: 807c846e04
reference/zip/configure.xml: 807c846e04
reference/zip/examples.xml: 807c846e04
reference/zip/functions/zip-close.xml: 807c846e04
reference/zip/functions/zip-entry-close.xml: 807c846e04
reference/zip/functions/zip-entry-compressedsize.xml: 807c846e04
reference/zip/functions/zip-entry-compressionmethod.xml: 807c846e04
reference/zip/functions/zip-entry-filesize.xml: 807c846e04
reference/zip/functions/zip-entry-name.xml: 807c846e04
reference/zip/functions/zip-entry-open.xml: 807c846e04
reference/zip/functions/zip-entry-read.xml: 807c846e04
reference/zip/functions/zip-open.xml: 807c846e04
reference/zip/functions/zip-read.xml: 807c846e04
reference/zip/reference.xml: 807c846e04
reference/zip/setup.xml: 807c846e04
reference/zip/ziparchive/addemptydir.xml: 807c846e04
reference/zip/ziparchive/addfile.xml: 807c846e04
reference/zip/ziparchive/addfromstring.xml: 807c846e04
reference/zip/ziparchive/close.xml: 807c846e04
reference/zip/ziparchive/deleteindex.xml: 807c846e04
reference/zip/ziparchive/deletename.xml: 807c846e04
reference/zip/ziparchive/extractto.xml: 807c846e04
reference/zip/ziparchive/getarchivecomment.xml: 807c846e04
reference/zip/ziparchive/getcommentindex.xml: 807c846e04
reference/zip/ziparchive/getcommentname.xml: 807c846e04
reference/zip/ziparchive/getfromindex.xml: 807c846e04
reference/zip/ziparchive/getfromname.xml: 807c846e04
reference/zip/ziparchive/getnameindex.xml: 807c846e04
reference/zip/ziparchive/getstream.xml: 807c846e04
reference/zip/ziparchive/locatename.xml: 807c846e04
reference/zip/ziparchive/open.xml: 807c846e04
reference/zip/ziparchive/renameindex.xml: 807c846e04
reference/zip/ziparchive/renamename.xml: 807c846e04
reference/zip/ziparchive/setarchivecomment.xml: 807c846e04
reference/zip/ziparchive/setcommentindex.xml: 807c846e04
reference/zip/ziparchive/setcommentname.xml: 807c846e04
reference/zip/ziparchive/statindex.xml: 807c846e04
reference/zip/ziparchive/statname.xml: 807c846e04
reference/zip/ziparchive/unchangeall.xml: 807c846e04
reference/zip/ziparchive/unchangearchive.xml: 807c846e04
reference/zip/ziparchive/unchangeindex.xml: 807c846e04
reference/zip/ziparchive/unchangename.xml: 807c846e04
reference/zlib/book.xml: 8de8aa77c2
reference/zlib/configure.xml: 807c846e04
reference/zlib/constants.xml: 807c846e04
reference/zlib/examples.xml: 807c846e04
reference/zlib/functions/gzclose.xml: 807c846e04
reference/zlib/functions/gzcompress.xml: 807c846e04
reference/zlib/functions/gzdecode.xml: 807c846e04
reference/zlib/functions/gzencode.xml: 807c846e04
reference/zlib/functions/gzfile.xml: 807c846e04
reference/zlib/functions/gzgets.xml: 807c846e04
reference/zlib/functions/gzopen.xml: 807c846e04
reference/zlib/functions/gzputs.xml: 807c846e04
reference/zlib/functions/gzrewind.xml: 807c846e04
reference/zlib/functions/gzseek.xml: 807c846e04
reference/zlib/functions/gztell.xml: 807c846e04
reference/zlib/functions/gzuncompress.xml: 807c846e04
reference/zlib/functions/gzwrite.xml: 807c846e04
reference/zlib/functions/readgzfile.xml: 807c846e04
reference/zlib/functions/zlib-get-coding-type.xml: 807c846e04
reference/zlib/ini.xml: 8de8aa77c2
reference/zlib/reference.xml: 807c846e04
reference/zlib/setup.xml: 807c846e04
security/apache.xml: 807c846e04
security/current.xml: 807c846e04
security/database.xml: 807c846e04
security/errors.xml: 807c846e04
security/filesystem.xml: 807c846e04
security/general.xml: 807c846e04
security/globals.xml: 807c846e04
security/hiding.xml: 807c846e04
security/variables.xml: 807c846e04
