appendices/aliases.xml: 3cbd39cfa8
appendices/configure/index.xml: 5f4a038ecf
appendices/configure/misc.xml: 5f4a038ecf
appendices/configure/php.xml: 5f4a038ecf
appendices/configure/servers.xml: 5f4a038ecf
appendices/debugger.xml: 5f4a038ecf
appendices/reserved.constants.standard.xml: 5f4a038ecf
appendices/resources.xml: 3cbd39cfa8
appendices/transports.xml: 5f4a038ecf
appendices/userlandnaming.xml: 5f4a038ecf
bookinfo.xml: 9efb88789a
faq/general.xml: 3cbd39cfa8
faq/html.xml: 3cbd39cfa8
faq/installation.xml: 3cbd39cfa8
faq/mailinglist.xml: 3cbd39cfa8
faq/misc.xml: 3cbd39cfa8
faq/obtaining.xml: 3cbd39cfa8
faq/using.xml: 3cbd39cfa8
features/cookies.xml: e1c9ff9b33
features/persistent-connections.xml: e1c9ff9b33
features/remote-files.xml: e1c9ff9b33
install/ini.xml: db3490d06c
install/intro.xml: db3490d06c
install/macos/index.xml: db3490d06c
install/macos/packages.xml: db3490d06c
install/macos/server.xml: db3490d06c
install/unix/apache1.xml: db3490d06c
install/unix/apache2.xml: db3490d06c
install/unix/index.xml: db3490d06c
language/constants.xml: 3f0437f93b
language/context.xml: 3f0437f93b
language/context/curl.xml: 3f0437f93b
language/context/ftp.xml: 3f0437f93b
language/context/parameters.xml: 3f0437f93b
language/context/socket.xml: 3f0437f93b
language/context/ssl.xml: 3f0437f93b
language/control-structures.xml: 3f0437f93b
language/control-structures/alternative-syntax.xml: 3f0437f93b
language/control-structures/break.xml: 3f0437f93b
language/control-structures/continue.xml: 3f0437f93b
language/control-structures/do-while.xml: 3f0437f93b
language/control-structures/else.xml: 3f0437f93b
language/control-structures/if.xml: 3f0437f93b
language/control-structures/require-once.xml: 3f0437f93b
language/control-structures/require.xml: 3f0437f93b
language/exceptions.xml: 3f0437f93b
language/expressions.xml: 3f0437f93b
language/oop5.xml: 3f0437f93b
language/oop5/abstract.xml: 3f0437f93b
language/oop5/basic.xml: 3f0437f93b
language/oop5/constants.xml: 3f0437f93b
language/oop5/decon.xml: 3f0437f93b
language/oop5/final.xml: 3f0437f93b
language/oop5/interfaces.xml: 3f0437f93b
language/oop5/late-static-bindings.xml: 3f0437f93b
language/oop5/magic.xml: 3f0437f93b
language/oop5/object-comparison.xml: 3f0437f93b
language/oop5/paamayim-nekudotayim.xml: 3f0437f93b
language/oop5/patterns.xml: 3f0437f93b
language/oop5/static.xml: 3f0437f93b
language/oop5/typehinting.xml: 3f0437f93b
language/oop5/visibility.xml: 3f0437f93b
language/predefined/arrayaccess.xml: 3f0437f93b
language/predefined/arrayaccess/offsetexists.xml: 3f0437f93b
language/predefined/arrayaccess/offsetget.xml: 3f0437f93b
language/predefined/arrayaccess/offsetset.xml: 3f0437f93b
language/predefined/arrayaccess/offsetunset.xml: 3f0437f93b
language/predefined/errorexception.xml: 3f0437f93b
language/predefined/errorexception/construct.xml: 3f0437f93b
language/predefined/errorexception/getseverity.xml: 3f0437f93b
language/predefined/exception.xml: 3f0437f93b
language/predefined/exception/clone.xml: 3f0437f93b
language/predefined/exception/construct.xml: 3f0437f93b
language/predefined/exception/getcode.xml: 3f0437f93b
language/predefined/exception/getfile.xml: 3f0437f93b
language/predefined/exception/getline.xml: 3f0437f93b
language/predefined/exception/getmessage.xml: 3f0437f93b
language/predefined/exception/gettrace.xml: 3f0437f93b
language/predefined/exception/gettraceasstring.xml: 3f0437f93b
language/predefined/exception/tostring.xml: 3f0437f93b
language/predefined/exceptions.xml: 3f0437f93b
language/predefined/interfaces.xml: 3f0437f93b
language/predefined/iterator.xml: 3f0437f93b
language/predefined/iterator/current.xml: 3f0437f93b
language/predefined/iterator/key.xml: 3f0437f93b
language/predefined/iterator/next.xml: 3f0437f93b
language/predefined/iterator/rewind.xml: 3f0437f93b
language/predefined/iterator/valid.xml: 3f0437f93b
language/predefined/iteratoraggregate.xml: 3f0437f93b
language/predefined/iteratoraggregate/getiterator.xml: 3f0437f93b
language/predefined/serializable.xml: 3f0437f93b
language/predefined/serializable/serialize.xml: 3f0437f93b
language/predefined/serializable/unserialize.xml: 3f0437f93b
language/predefined/traversable.xml: 3f0437f93b
language/predefined/variables.xml: 3f0437f93b
language/predefined/variables/argc.xml: 3f0437f93b
language/predefined/variables/argv.xml: 3f0437f93b
language/predefined/variables/cookie.xml: 3f0437f93b
language/predefined/variables/env.xml: 3f0437f93b
language/predefined/variables/files.xml: 3f0437f93b
language/predefined/variables/get.xml: 3f0437f93b
language/predefined/variables/globals.xml: 3f0437f93b
language/predefined/variables/httprawpostdata.xml: 3f0437f93b
language/predefined/variables/httpresponseheader.xml: 3f0437f93b
language/predefined/variables/phperrormsg.xml: 3f0437f93b
language/predefined/variables/post.xml: 3f0437f93b
language/predefined/variables/request.xml: 3f0437f93b
language/predefined/variables/server.xml: 3f0437f93b
language/predefined/variables/session.xml: 3f0437f93b
language/predefined/variables/superglobals.xml: 3f0437f93b
language/types.xml: 3f0437f93b
language/types/boolean.xml: 3f0437f93b
language/types/float.xml: 3f0437f93b
language/types/integer.xml: 3f0437f93b
language/types/null.xml: 3f0437f93b
language/types/resource.xml: 3f0437f93b
preface.xml: 9efb88789a
security/apache.xml: ed2d60c76e
security/current.xml: ed2d60c76e
security/database.xml: ed2d60c76e
security/errors.xml: ed2d60c76e
security/filesystem.xml: ed2d60c76e
security/general.xml: ed2d60c76e
security/globals.xml: ed2d60c76e
security/hiding.xml: ed2d60c76e
security/variables.xml: ed2d60c76e
